C:\Users\teoas\Desktop\Teo\Academico\FCEFYN\Optativas\DSP\DSP\Lab_01_VelezNicolas\Lab_01_VelezNicolas\CMSIS/core_cm4.h:1679:22:__NVIC_EnableIRQ	16	static
C:\Users\teoas\Desktop\Teo\Academico\FCEFYN\Optativas\DSP\DSP\Lab_01_VelezNicolas\Lab_01_VelezNicolas\drivers/fsl_common_arm.h:499:24:EnableIRQ	24	static
C:\Users\teoas\Desktop\Teo\Academico\FCEFYN\Optativas\DSP\DSP\Lab_01_VelezNicolas\Lab_01_VelezNicolas\drivers/fsl_adc16.h:367:20:ADC16_EnableHardwareTrigger	16	static
C:\Users\teoas\Desktop\Teo\Academico\FCEFYN\Optativas\DSP\DSP\Lab_01_VelezNicolas\Lab_01_VelezNicolas\drivers/fsl_pit.h:159:20:PIT_EnableInterrupts	24	static
C:\Users\teoas\Desktop\Teo\Academico\FCEFYN\Optativas\DSP\DSP\Lab_01_VelezNicolas\Lab_01_VelezNicolas\drivers/fsl_pit.h:246:20:PIT_SetTimerPeriod	24	static
C:\Users\teoas\Desktop\Teo\Academico\FCEFYN\Optativas\DSP\DSP\Lab_01_VelezNicolas\Lab_01_VelezNicolas\drivers/fsl_pit.h:288:20:PIT_StartTimer	16	static
C:\Users\teoas\Desktop\Teo\Academico\FCEFYN\Optativas\DSP\DSP\Lab_01_VelezNicolas\Lab_01_VelezNicolas\drivers/fsl_dac.h:187:20:DAC_Enable	16	static
../board/peripherals.c:155:13:ADC0_init	8	static
../board/peripherals.c:205:13:PIT_init	32	static
../board/peripherals.c:243:13:GPIOC_init	8	static
../board/peripherals.c:274:13:GPIOA_init	8	static
../board/peripherals.c:308:13:DAC0_init	8	static
../board/peripherals.c:322:6:BOARD_InitPeripherals	8	static
../board/peripherals.c:335:6:BOARD_InitBootPeripherals	8	static
