C:\Users\teoas\Desktop\Teo\Academico\FCEFYN\Optativas\DSP\DSP\Lab_01_VelezNicolas\Lab_01_VelezNicolas\drivers/fsl_clock.h:668:20:CLOCK_EnableClock	24	static
C:\Users\teoas\Desktop\Teo\Academico\FCEFYN\Optativas\DSP\DSP\Lab_01_VelezNicolas\Lab_01_VelezNicolas\drivers/fsl_port.h:271:20:PORT_SetPinConfig	32	static
C:\Users\teoas\Desktop\Teo\Academico\FCEFYN\Optativas\DSP\DSP\Lab_01_VelezNicolas\Lab_01_VelezNicolas\drivers/fsl_port.h:374:20:PORT_SetPinMux	24	static
C:\Users\teoas\Desktop\Teo\Academico\FCEFYN\Optativas\DSP\DSP\Lab_01_VelezNicolas\Lab_01_VelezNicolas\drivers/fsl_port.h:443:20:PORT_SetPinInterruptConfig	24	static
../board/pin_mux.c:132:6:BOARD_InitBootPins	8	static
../board/pin_mux.c:155:6:BOARD_InitPins	8	static
../board/pin_mux.c:195:6:BOARD_InitButtonsPins	4	static
../board/pin_mux.c:225:6:BOARD_InitLEDsPins	40	static
../board/pin_mux.c:355:6:BOARD_InitDEBUG_UARTPins	16	static
../board/pin_mux.c:422:6:BOARD_InitOSCPins	8	static
../board/pin_mux.c:455:6:BOARD_InitACCELPins	32	static
../board/pin_mux.c:581:6:BOARD_InitENETPins	48	static
../board/pin_mux.c:796:6:BOARD_InitSDHCPins	40	static
../board/pin_mux.c:946:6:BOARD_InitUSBPins	4	static
