Archive member included to satisfy reference by file (symbol)

c:/nxp/mcuxpressoide_11.6.0_8187/ide/plugins/com.nxp.mcuxpresso.tools.win32_11.6.0.202112161359/tools/bin/../lib/gcc/arm-none-eabi/10.3.1/thumb/v7e-m+fp/hard\libgcc.a(_arm_muldf3.o)
                              ./CMSIS/DSP/Source/MatrixFunctions/MatrixFunctions.o (__aeabi_dmul)
c:/nxp/mcuxpressoide_11.6.0_8187/ide/plugins/com.nxp.mcuxpresso.tools.win32_11.6.0.202112161359/tools/bin/../lib/gcc/arm-none-eabi/10.3.1/thumb/v7e-m+fp/hard\libgcc.a(_arm_addsubdf3.o)
                              ./CMSIS/DSP/Source/MatrixFunctions/MatrixFunctions.o (__aeabi_dsub)
c:/nxp/mcuxpressoide_11.6.0_8187/ide/plugins/com.nxp.mcuxpresso.tools.win32_11.6.0.202112161359/tools/bin/../lib/gcc/arm-none-eabi/10.3.1/thumb/v7e-m+fp/hard\libgcc.a(_arm_muldivdf3.o)
                              ./CMSIS/DSP/Source/MatrixFunctions/MatrixFunctions.o (__aeabi_ddiv)
c:/nxp/mcuxpressoide_11.6.0_8187/ide/plugins/com.nxp.mcuxpresso.tools.win32_11.6.0.202112161359/tools/bin/../lib/gcc/arm-none-eabi/10.3.1/thumb/v7e-m+fp/hard\libgcc.a(_arm_cmpdf2.o)
                              ./CMSIS/DSP/Source/MatrixFunctions/MatrixFunctions.o (__aeabi_dcmpeq)
c:/nxp/mcuxpressoide_11.6.0_8187/ide/plugins/com.nxp.mcuxpresso.tools.win32_11.6.0.202112161359/tools/bin/../lib/gcc/arm-none-eabi/10.3.1/thumb/v7e-m+fp/hard\libgcc.a(_aeabi_ldivmod.o)
                              ./CMSIS/DSP/Source/StatisticsFunctions/StatisticsFunctions.o (__aeabi_ldivmod)
c:/nxp/mcuxpressoide_11.6.0_8187/ide/plugins/com.nxp.mcuxpresso.tools.win32_11.6.0.202112161359/tools/bin/../lib/gcc/arm-none-eabi/10.3.1/thumb/v7e-m+fp/hard\libgcc.a(_aeabi_uldivmod.o)
                              ./drivers/fsl_common_arm.o (__aeabi_uldivmod)
c:/nxp/mcuxpressoide_11.6.0_8187/ide/plugins/com.nxp.mcuxpresso.tools.win32_11.6.0.202112161359/tools/bin/../lib/gcc/arm-none-eabi/10.3.1/thumb/v7e-m+fp/hard\libgcc.a(_fixsfdi.o)
                              ./CMSIS/DSP/Source/SupportFunctions/SupportFunctions.o (__aeabi_f2lz)
c:/nxp/mcuxpressoide_11.6.0_8187/ide/plugins/com.nxp.mcuxpresso.tools.win32_11.6.0.202112161359/tools/bin/../lib/gcc/arm-none-eabi/10.3.1/thumb/v7e-m+fp/hard\libgcc.a(_fixunssfdi.o)
                              c:/nxp/mcuxpressoide_11.6.0_8187/ide/plugins/com.nxp.mcuxpresso.tools.win32_11.6.0.202112161359/tools/bin/../lib/gcc/arm-none-eabi/10.3.1/thumb/v7e-m+fp/hard\libgcc.a(_fixsfdi.o) (__aeabi_f2ulz)
c:/nxp/mcuxpressoide_11.6.0_8187/ide/plugins/com.nxp.mcuxpresso.tools.win32_11.6.0.202112161359/tools/bin/../lib/gcc/arm-none-eabi/10.3.1/thumb/v7e-m+fp/hard\libgcc.a(_udivmoddi4.o)
                              c:/nxp/mcuxpressoide_11.6.0_8187/ide/plugins/com.nxp.mcuxpresso.tools.win32_11.6.0.202112161359/tools/bin/../lib/gcc/arm-none-eabi/10.3.1/thumb/v7e-m+fp/hard\libgcc.a(_aeabi_ldivmod.o) (__udivmoddi4)
c:/nxp/mcuxpressoide_11.6.0_8187/ide/plugins/com.nxp.mcuxpresso.tools.win32_11.6.0.202112161359/tools/bin/../lib/gcc/arm-none-eabi/10.3.1/thumb/v7e-m+fp/hard\libgcc.a(_dvmd_tls.o)
                              c:/nxp/mcuxpressoide_11.6.0_8187/ide/plugins/com.nxp.mcuxpresso.tools.win32_11.6.0.202112161359/tools/bin/../lib/gcc/arm-none-eabi/10.3.1/thumb/v7e-m+fp/hard\libgcc.a(_aeabi_ldivmod.o) (__aeabi_ldiv0)
c:/nxp/mcuxpressoide_11.6.0_8187/ide/plugins/com.nxp.mcuxpresso.tools.win32_11.6.0.202112161359/tools/bin/../lib/gcc/arm-none-eabi/10.3.1/thumb/v7e-m+fp/hard\libgcc.a(_arm_fixunsdfsi.o)
                              c:/nxp/mcuxpressoide_11.6.0_8187/ide/plugins/com.nxp.mcuxpresso.tools.win32_11.6.0.202112161359/tools/bin/../lib/gcc/arm-none-eabi/10.3.1/thumb/v7e-m+fp/hard\libgcc.a(_fixunssfdi.o) (__aeabi_d2uiz)
c:/nxp/mcuxpressoide_11.6.0_8187/ide/plugins/com.nxp.mcuxpresso.tools.win32_11.6.0.202112161359/tools/bin/../lib/gcc/arm-none-eabi/10.3.1/../../../../arm-none-eabi/lib/thumb/v7e-m+fp/hard\libc_nano.a(lib_a-assert.o)
                              ./source/Lab_01_VelezNicolas.o (__assert_func)
c:/nxp/mcuxpressoide_11.6.0_8187/ide/plugins/com.nxp.mcuxpresso.tools.win32_11.6.0.202112161359/tools/bin/../lib/gcc/arm-none-eabi/10.3.1/../../../../arm-none-eabi/lib/thumb/v7e-m+fp/hard\libc_nano.a(lib_a-errno.o)
                              ./utilities/fsl_str.o (__errno)
c:/nxp/mcuxpressoide_11.6.0_8187/ide/plugins/com.nxp.mcuxpresso.tools.win32_11.6.0.202112161359/tools/bin/../lib/gcc/arm-none-eabi/10.3.1/../../../../arm-none-eabi/lib/thumb/v7e-m+fp/hard\libc_nano.a(lib_a-fprintf.o)
                              c:/nxp/mcuxpressoide_11.6.0_8187/ide/plugins/com.nxp.mcuxpresso.tools.win32_11.6.0.202112161359/tools/bin/../lib/gcc/arm-none-eabi/10.3.1/../../../../arm-none-eabi/lib/thumb/v7e-m+fp/hard\libc_nano.a(lib_a-assert.o) (fiprintf)
c:/nxp/mcuxpressoide_11.6.0_8187/ide/plugins/com.nxp.mcuxpresso.tools.win32_11.6.0.202112161359/tools/bin/../lib/gcc/arm-none-eabi/10.3.1/../../../../arm-none-eabi/lib/thumb/v7e-m+fp/hard\libc_nano.a(lib_a-impure.o)
[...]
Memory Configuration

Name             Origin             Length             Attributes
PROGRAM_FLASH    0x00000000         0x00100000         xr
SRAM_UPPER       0x20000000         0x00030000         xrw
SRAM_LOWER       0x1fff0000         0x00010000         xrw
FLEX_RAM         0x14000000         0x00001000         xrw
*default*        0x00000000         0xffffffff

Linker script and memory map

LOAD ./utilities/fsl_debug_console.o
LOAD ./utilities/fsl_str.o
LOAD ./startup/startup_mk64f12.o
LOAD ./source/Lab_01_VelezNicolas.o
LOAD ./source/semihost_hardfault.o
LOAD ./drivers/fsl_adc16.o
LOAD ./drivers/fsl_clock.o
LOAD ./drivers/fsl_common.o
LOAD ./drivers/fsl_common_arm.o
LOAD ./drivers/fsl_dac.o
LOAD ./drivers/fsl_gpio.o
LOAD ./drivers/fsl_i2c.o
LOAD ./drivers/fsl_pit.o
LOAD ./drivers/fsl_smc.o
LOAD ./drivers/fsl_uart.o
LOAD ./device/system_MK64F12.o
LOAD ./component/uart/fsl_adapter_uart.o
LOAD ./component/serial_manager/fsl_component_serial_manager.o
LOAD ./component/serial_manager/fsl_component_serial_port_uart.o
LOAD ./component/lists/fsl_component_generic_list.o
LOAD ./board/board.o
LOAD ./board/clock_config.o
LOAD ./board/peripherals.o
LOAD ./board/pin_mux.o
LOAD ./CMSIS/DSP/Source/TransformFunctions/TransformFunctions.o
LOAD ./CMSIS/DSP/Source/SupportFunctions/SupportFunctions.o
LOAD ./CMSIS/DSP/Source/StatisticsFunctions/StatisticsFunctions.o
LOAD ./CMSIS/DSP/Source/MatrixFunctions/MatrixFunctions.o
LOAD ./CMSIS/DSP/Source/FilteringFunctions/FilteringFunctions.o
LOAD ./CMSIS/DSP/Source/FastMathFunctions/FastMathFunctions.o
LOAD ./CMSIS/DSP/Source/ControllerFunctions/ControllerFunctions.o
LOAD ./CMSIS/DSP/Source/ComplexMathFunctions/ComplexMathFunctions.o
LOAD ./CMSIS/DSP/Source/CommonTables/CommonTables.o
LOAD ./CMSIS/DSP/Source/BasicMathFunctions/BasicMathFunctions.o
LOAD C:\Users\teoas\Desktop\Teo\Academico\FCEFYN\Optativas\DSP\DSP\Lab_01_VelezNicolas\Lab_01_VelezNicolas\CMSIS\DSP\libarm_cortexM4lf_math.a
START GROUP
LOAD c:/nxp/mcuxpressoide_11.6.0_8187/ide/plugins/com.nxp.mcuxpresso.tools.win32_11.6.0.202112161359/tools/bin/../lib/gcc/arm-none-eabi/10.3.1/thumb/v7e-m+fp/hard\libgcc.a
LOAD c:/nxp/mcuxpressoide_11.6.0_8187/ide/plugins/com.nxp.mcuxpresso.tools.win32_11.6.0.202112161359/tools/bin/../lib/gcc/arm-none-eabi/10.3.1/../../../../arm-none-eabi/lib/thumb/v7e-m+fp/hard\libc_nano.a
LOAD c:/nxp/mcuxpressoide_11.6.0_8187/ide/plugins/com.nxp.mcuxpresso.tools.win32_11.6.0.202112161359/tools/bin/../lib/gcc/arm-none-eabi/10.3.1/../../../../arm-none-eabi/lib/thumb/v7e-m+fp/hard\libm.a
LOAD c:/nxp/mcuxpressoide_11.6.0_8187/ide/plugins/com.nxp.mcuxpresso.tools.win32_11.6.0.202112161359/tools/bin/../lib/gcc/arm-none-eabi/10.3.1/../../../../arm-none-eabi/lib/thumb/v7e-m+fp/hard\libcr_newlib_semihost.a
END GROUP
                0x00000000                __base_PROGRAM_FLASH = 0x0
                0x00000000                __base_Flash = 0x0
                0x00100000                __top_PROGRAM_FLASH = 0x100000
                0x00100000                __top_Flash = 0x100000
                0x20000000                __base_SRAM_UPPER = 0x20000000
                0x20000000                __base_RAM = 0x20000000
                0x20030000                __top_SRAM_UPPER = 0x20030000
                0x20030000                __top_RAM = 0x20030000
                0x1fff0000                __base_SRAM_LOWER = 0x1fff0000
                0x1fff0000                __base_RAM2 = 0x1fff0000
                0x20000000                __top_SRAM_LOWER = 0x20000000
                0x20000000                __top_RAM2 = 0x20000000
                0x14000000                __base_FLEX_RAM = 0x14000000
                0x14000000                __base_RAM3 = 0x14000000
                0x14001000                __top_FLEX_RAM = 0x14001000
                0x14001000                __top_RAM3 = 0x14001000

.text           0x00000000     0xa2a8
 FILL mask 0xff
                0x00000000                __vectors_start__ = ABSOLUTE (.)
 *(SORT_BY_ALIGNMENT(.isr_vector))
 .isr_vector    0x00000000      0x198 ./startup/startup_mk64f12.o
                0x00000000                g_pfnVectors
                0x00000000                __Vectors
                0x00000198                . = ALIGN (0x4)
                0x00000198                __section_table_start = .
                0x00000198                __data_section_table = .
                0x00000198        0x4 LONG 0xa2a8 LOADADDR (.data)
                0x0000019c        0x4 LONG 0x20000000 ADDR (.data)
                0x000001a0        0x4 LONG 0x1e8 SIZEOF (.data)
                0x000001a4        0x4 LONG 0xa2a8 LOADADDR (.data_RAM2)
                0x000001a8        0x4 LONG 0x1fff0000 ADDR (.data_RAM2)
                0x000001ac        0x4 LONG 0x0 SIZEOF (.data_RAM2)
                0x000001b0        0x4 LONG 0xa2a8 LOADADDR (.data_RAM3)
                0x000001b4        0x4 LONG 0x14000000 ADDR (.data_RAM3)
                0x000001b8        0x4 LONG 0x0 SIZEOF (.data_RAM3)
                0x000001bc                __data_section_table_end = .
                0x000001bc                __bss_section_table = .
                0x000001bc        0x4 LONG 0x200001e8 ADDR (.bss)
                0x000001c0        0x4 LONG 0x4b8 SIZEOF (.bss)
                0x000001c4        0x4 LONG 0x1fff0000 ADDR (.bss_RAM2)
                0x000001c8        0x4 LONG 0x0 SIZEOF (.bss_RAM2)
                0x000001cc        0x4 LONG 0x14000000 ADDR (.bss_RAM3)
                0x000001d0        0x4 LONG 0x0 SIZEOF (.bss_RAM3)
                0x000001d4                __bss_section_table_end = .
                0x000001d4                __section_table_end = .
 *(SORT_BY_ALIGNMENT(.after_vectors*))
 .after_vectors.reset
                0x000001d4       0x4c ./startup/startup_mk64f12.o
                0x000001d4                ResetISR
 .after_vectors.init_data
                0x00000220       0x1e ./startup/startup_mk64f12.o
                0x00000220                data_init
 .after_vectors.init_bss
                0x0000023e       0x12 ./startup/startup_mk64f12.o
                0x0000023e                bss_init
 .after_vectors
                0x00000250       0x14 ./startup/startup_mk64f12.o
                0x00000250                NMI_Handler
                0x00000254                MemManage_Handler
                0x00000256                BusFault_Handler
                0x00000258                UsageFault_Handler
                0x0000025a                SVC_Handler
                0x0000025c                DebugMon_Handler
                0x0000025e                PendSV_Handler
                0x00000260                SysTick_Handler
                0x00000262                DMA_Error_DriverIRQHandler
                0x00000262                LPTMR0_DriverIRQHandler
                0x00000262                FTM1_DriverIRQHandler
                0x00000262                FTM2_DriverIRQHandler
                0x00000262                PIT2_DriverIRQHandler
                0x00000262                SDHC_DriverIRQHandler
                0x00000262                I2S0_Tx_DriverIRQHandler
                0x00000262                RTC_Seconds_DriverIRQHandler
                0x00000262                DMA6_DriverIRQHandler
                0x00000262                LLWU_DriverIRQHandler
                0x00000262                MCM_DriverIRQHandler
                0x00000262                MCG_DriverIRQHandler
                0x00000262                ENET_1588_Timer_DriverIRQHandler
                0x00000262                DAC1_DriverIRQHandler
                0x00000262                SPI1_DriverIRQHandler
                0x00000262                CMP1_DriverIRQHandler
                0x00000262                FTM0_DriverIRQHandler
                0x00000262                IntDefaultHandler
                0x00000262                USB0_DriverIRQHandler
                0x00000262                UART5_ERR_DriverIRQHandler
                0x00000262                PORTC_DriverIRQHandler
                0x00000262                DMA11_DriverIRQHandler
                0x00000262                DAC0_DriverIRQHandler
                0x00000262                DMA10_DriverIRQHandler
                0x00000262                CMP2_DriverIRQHandler
                0x00000262                UART2_ERR_DriverIRQHandler
                0x00000262                SPI2_DriverIRQHandler
                0x00000262                LVD_LVW_DriverIRQHandler
                0x00000262                PIT0_DriverIRQHandler
                0x00000262                DMA12_DriverIRQHandler
                0x00000262                DMA5_DriverIRQHandler
                0x00000262                DMA4_DriverIRQHandler
                0x00000262                USBDCD_DriverIRQHandler
                0x00000262                UART3_ERR_DriverIRQHandler
                0x00000262                DMA3_DriverIRQHandler
                0x00000262                DMA8_DriverIRQHandler
                0x00000262                DMA9_DriverIRQHandler
                0x00000262                UART0_ERR_DriverIRQHandler
                0x00000262                CMT_DriverIRQHandler
                0x00000262                Reserved71_DriverIRQHandler
                0x00000262                ADC1_DriverIRQHandler
                0x00000262                PORTA_DriverIRQHandler
                0x00000262                DMA14_DriverIRQHandler
                0x00000262                PIT3_DriverIRQHandler
                0x00000262                PIT1_DriverIRQHandler
                0x00000262                WDOG_EWM_DriverIRQHandler
                0x00000262                PDB0_DriverIRQHandler
                0x00000262                RTC_DriverIRQHandler
                0x00000262                I2S0_Rx_DriverIRQHandler
                0x00000262                Read_Collision_DriverIRQHandler
                0x00000262                SWI_DriverIRQHandler
                0x00000262                UART4_ERR_DriverIRQHandler
                0x00000262                PORTB_DriverIRQHandler
                0x00000262                UART0_LON_DriverIRQHandler
                0x00000262                DMA0_DriverIRQHandler
                0x00000262                DMA1_DriverIRQHandler
                0x00000262                ENET_Receive_DriverIRQHandler
                0x00000262                DMA13_DriverIRQHandler
                0x00000262                ENET_Error_DriverIRQHandler
                0x00000262                DMA15_DriverIRQHandler
                0x00000262                SPI0_DriverIRQHandler
                0x00000262                ADC0_DriverIRQHandler
                0x00000262                CMP0_DriverIRQHandler
                0x00000262                CAN0_DriverIRQHandler
                0x00000262                FTM3_DriverIRQHandler
                0x00000262                RNG_DriverIRQHandler
                0x00000262                UART1_ERR_DriverIRQHandler
                0x00000262                DMA2_DriverIRQHandler
                0x00000262                ENET_Transmit_DriverIRQHandler
                0x00000262                PORTD_DriverIRQHandler
                0x00000262                PORTE_DriverIRQHandler
                0x00000262                FTFE_DriverIRQHandler
                0x00000262                DMA7_DriverIRQHandler
                0x00000400                . = 0x400
 *fill*         0x00000264      0x19c ff
                0x00000400                PROVIDE (__FLASH_CONFIG_START__ = .)
 *(SORT_BY_ALIGNMENT(.FlashConfig))
 .FlashConfig   0x00000400       0x10 ./startup/startup_mk64f12.o
                0x00000400                Flash_Config
                0x00000410                PROVIDE (__FLASH_CONFIG_END__ = .)
                0x00000001                ASSERT (! ((__FLASH_CONFIG_START__ == __FLASH_CONFIG_END__)), Linker Flash Config Support Enabled, but no .FlashConfig section provided within application)
 *(SORT_BY_ALIGNMENT(.text*))
 .text          0x00000410       0xa0 c:/nxp/mcuxpressoide_11.6.0_8187/ide/plugins/com.nxp.mcuxpresso.tools.win32_11.6.0.202112161359/tools/bin/../lib/gcc/arm-none-eabi/10.3.1/../../../../arm-none-eabi/lib/thumb/v7e-m+fp/hard\libc_nano.a(lib_a-memchr.o)
                0x00000410                memchr
 .text._strtod_l
                0x000004b0      0xc0c c:/nxp/mcuxpressoide_11.6.0_8187/ide/plugins/com.nxp.mcuxpresso.tools.win32_11.6.0.202112161359/tools/bin/../lib/gcc/arm-none-eabi/10.3.1/../../../../arm-none-eabi/lib/thumb/v7e-m+fp/hard\libc_nano.a(lib_a-strtod.o)
                0x000004b0                _strtod_l
 *fill*         0x000010bc        0x4 ff
 .text._dtoa_r  0x000010c0      0xbdc c:/nxp/mcuxpressoide_11.6.0_8187/ide/plugins/com.nxp.mcuxpresso.tools.win32_11.6.0.202112161359/tools/bin/../lib/gcc/arm-none-eabi/10.3.1/../../../../arm-none-eabi/lib/thumb/v7e-m+fp/hard\libc_nano.a(lib_a-dtoa.o)
                0x000010c0                _dtoa_r
 *fill*         0x00001c9c        0x4 ff
 .text.nan      0x00001ca0       0x10 c:/nxp/mcuxpressoide_11.6.0_8187/ide/plugins/com.nxp.mcuxpresso.tools.win32_11.6.0.202112161359/tools/bin/../lib/gcc/arm-none-eabi/10.3.1/../../../../arm-none-eabi/lib/thumb/v7e-m+fp/hard\libc_nano.a(lib_a-s_nan.o)
                0x00001ca0                nan
 .text.DbgConsole_SendDataReliable
                0x00001cb0       0x54 ./utilities/fsl_debug_console.o
                0x00001cb0                DbgConsole_SendDataReliable
 .text.DbgConsole_Init
                0x00001d04      0x118 ./utilities/fsl_debug_console.o
                0x00001d04                DbgConsole_Init
 .text.DbgConsole_Vprintf
                0x00001e1c       0x6c ./utilities/fsl_debug_console.o
                0x00001e1c                DbgConsole_Vprintf
 .text.ADC16_GetChannelConversionValue
                0x00001e88       0x3c ./source/Lab_01_VelezNicolas.o
 .text.PIT_SetTimerPeriod
                0x00001ec4       0x44 ./source/Lab_01_VelezNicolas.o
 .text.PIT0_IRQHandler
                0x00001f08       0x40 ./source/Lab_01_VelezNicolas.o
                0x00001f08                PIT0_IRQHandler
 .text.ADC0_IRQHandler
                0x00001f48       0x9c ./source/Lab_01_VelezNicolas.o
                0x00001f48                ADC0_IRQHandler
 .text.PORTC_IRQHandler
                0x00001fe4       0x58 ./source/Lab_01_VelezNicolas.o
                0x00001fe4                PORTC_IRQHandler
 .text.PORTA_IRQHandler
                0x0000203c      0x1b0 ./source/Lab_01_VelezNicolas.o
                0x0000203c                PORTA_IRQHandler
 .text.main     0x000021ec       0x68 ./source/Lab_01_VelezNicolas.o
                0x000021ec                main
 .text.ADC16_GetInstance
                0x00002254       0x58 ./drivers/fsl_adc16.o
 .text.ADC16_Init
                0x000022ac      0x128 ./drivers/fsl_adc16.o
                0x000022ac                ADC16_Init
 .text.ADC16_SetChannelConfig
                0x000023d4       0x80 ./drivers/fsl_adc16.o
                0x000023d4                ADC16_SetChannelConfig
 .text.ADC16_GetChannelStatusFlags
                0x00002454       0x50 ./drivers/fsl_adc16.o
                0x00002454                ADC16_GetChannelStatusFlags
 .text.CLOCK_SetEr32kClock
                0x000024a4       0x30 ./drivers/fsl_clock.o
 .text.CLOCK_SetPllFllSelClock
                0x000024d4       0x38 ./drivers/fsl_clock.o
 .text.CLOCK_GetMcgExtClkFreq
                0x0000250c       0x90 ./drivers/fsl_clock.o
 .text.CLOCK_GetFllExtRefClkFreq
                0x0000259c       0xb0 ./drivers/fsl_clock.o
 .text.CLOCK_GetInternalRefClkSelectFreq
                0x0000264c       0x4c ./drivers/fsl_clock.o
 .text.CLOCK_GetFllRefClkFreq
                0x00002698       0x34 ./drivers/fsl_clock.o
 .text.CLOCK_GetOscRangeFromFreq
                0x000026cc       0x3c ./drivers/fsl_clock.o
 .text.CLOCK_GetOsc0ErClkFreq
                0x00002708       0x54 ./drivers/fsl_clock.o
                0x00002708                CLOCK_GetOsc0ErClkFreq
 .text.CLOCK_GetEr32kClkFreq
                0x0000275c       0x84 ./drivers/fsl_clock.o
                0x0000275c                CLOCK_GetEr32kClkFreq
 .text.CLOCK_GetPllFllSelClkFreq
                0x000027e0       0x54 ./drivers/fsl_clock.o
                0x000027e0                CLOCK_GetPllFllSelClkFreq
 .text.CLOCK_GetCoreSysClkFreq
                0x00002834       0x28 ./drivers/fsl_clock.o
                0x00002834                CLOCK_GetCoreSysClkFreq
 .text.CLOCK_GetFreq
                0x0000285c      0x140 ./drivers/fsl_clock.o
                0x0000285c                CLOCK_GetFreq
 .text.CLOCK_SetSimConfig
                0x0000299c       0x34 ./drivers/fsl_clock.o
                0x0000299c                CLOCK_SetSimConfig
 .text.CLOCK_EnableUsbfs0Clock
                0x000029d0      0x108 ./drivers/fsl_clock.o
                0x000029d0                CLOCK_EnableUsbfs0Clock
 .text.CLOCK_GetOutClkFreq
                0x00002ad8       0x64 ./drivers/fsl_clock.o
                0x00002ad8                CLOCK_GetOutClkFreq
 .text.CLOCK_GetFllFreq
                0x00002b3c       0x84 ./drivers/fsl_clock.o
                0x00002b3c                CLOCK_GetFllFreq
 .text.CLOCK_GetInternalRefClkFreq
                0x00002bc0       0x30 ./drivers/fsl_clock.o
                0x00002bc0                CLOCK_GetInternalRefClkFreq
 .text.CLOCK_GetPll0Freq
                0x00002bf0       0x88 ./drivers/fsl_clock.o
                0x00002bf0                CLOCK_GetPll0Freq
 .text.CLOCK_SetExternalRefClkConfig
                0x00002c78       0x6c ./drivers/fsl_clock.o
                0x00002c78                CLOCK_SetExternalRefClkConfig
 .text.CLOCK_SetInternalRefClkConfig
                0x00002ce4      0x104 ./drivers/fsl_clock.o
                0x00002ce4                CLOCK_SetInternalRefClkConfig
 .text.CLOCK_EnablePll0
                0x00002de8       0x98 ./drivers/fsl_clock.o
                0x00002de8                CLOCK_EnablePll0
 .text.CLOCK_InitOsc0
                0x00002e80       0x8c ./drivers/fsl_clock.o
                0x00002e80                CLOCK_InitOsc0
 .text.CLOCK_SetPbeMode
                0x00002f0c       0xb8 ./drivers/fsl_clock.o
                0x00002f0c                CLOCK_SetPbeMode
 .text.CLOCK_BootToPeeMode
                0x00002fc4       0x74 ./drivers/fsl_clock.o
                0x00002fc4                CLOCK_BootToPeeMode
 .text.DAC_GetInstance
                0x00003038       0x58 ./drivers/fsl_dac.o
 .text.DAC_Init
                0x00003090       0x80 ./drivers/fsl_dac.o
                0x00003090                DAC_Init
 .text.DAC_SetBufferValue
                0x00003110       0x5c ./drivers/fsl_dac.o
                0x00003110                DAC_SetBufferValue
 .text.DAC_SetBufferReadPointer
                0x0000316c       0x54 ./drivers/fsl_dac.o
                0x0000316c                DAC_SetBufferReadPointer
 .text.GPIO_GetInstance
                0x000031c0       0x58 ./drivers/fsl_gpio.o
 .text.GPIO_PinInit
                0x00003218       0x70 ./drivers/fsl_gpio.o
                0x00003218                GPIO_PinInit
 .text.GPIO_PortGetInterruptFlags
                0x00003288       0x30 ./drivers/fsl_gpio.o
                0x00003288                GPIO_PortGetInterruptFlags
 .text.GPIO_PortClearInterruptFlags
                0x000032b8       0x34 ./drivers/fsl_gpio.o
                0x000032b8                GPIO_PortClearInterruptFlags
 .text.I2C_TransferCommonIRQHandler
                0x000032ec       0x58 ./drivers/fsl_i2c.o
 .text.I2C0_DriverIRQHandler
                0x00003344       0x1c ./drivers/fsl_i2c.o
                0x00003344                I2C0_DriverIRQHandler
 .text.I2C1_DriverIRQHandler
                0x00003360       0x1c ./drivers/fsl_i2c.o
                0x00003360                I2C1_DriverIRQHandler
 .text.I2C2_DriverIRQHandler
                0x0000337c       0x1c ./drivers/fsl_i2c.o
                0x0000337c                I2C2_DriverIRQHandler
 .text.PIT_GetInstance
                0x00003398       0x54 ./drivers/fsl_pit.o
 .text.PIT_Init
                0x000033ec       0xa4 ./drivers/fsl_pit.o
                0x000033ec                PIT_Init
 .text.UART_GetInstance
                0x00003490       0x60 ./drivers/fsl_uart.o
                0x00003490                UART_GetInstance
 .text.UART_Init
                0x000034f0      0x314 ./drivers/fsl_uart.o
                0x000034f0                UART_Init
 .text.UART_GetDefaultConfig
                0x00003804       0x78 ./drivers/fsl_uart.o
                0x00003804                UART_GetDefaultConfig
 .text.UART0_DriverIRQHandler
                0x0000387c       0x28 ./drivers/fsl_uart.o
                0x0000387c                UART0_DriverIRQHandler
 .text.UART1_DriverIRQHandler
                0x000038a4       0x28 ./drivers/fsl_uart.o
                0x000038a4                UART1_DriverIRQHandler
 .text.UART2_DriverIRQHandler
                0x000038cc       0x28 ./drivers/fsl_uart.o
                0x000038cc                UART2_DriverIRQHandler
 .text.UART3_DriverIRQHandler
                0x000038f4       0x28 ./drivers/fsl_uart.o
                0x000038f4                UART3_DriverIRQHandler
 .text.UART4_DriverIRQHandler
                0x0000391c       0x28 ./drivers/fsl_uart.o
                0x0000391c                UART4_DriverIRQHandler
 .text.UART5_DriverIRQHandler
                0x00003944       0x28 ./drivers/fsl_uart.o
                0x00003944                UART5_DriverIRQHandler
 .text.SystemInit
                0x0000396c       0x3c ./device/system_MK64F12.o
                0x0000396c                SystemInit
 .text.HAL_UartInit
                0x000039a8      0x148 ./component/uart/fsl_adapter_uart.o
                0x000039a8                HAL_UartInit
 .text.HAL_UartSendBlocking
                0x00003af0       0x84 ./component/uart/fsl_adapter_uart.o
                0x00003af0                HAL_UartSendBlocking
 .text.CLOCK_SetSdhc0Clock
                0x00003b74       0x38 ./board/clock_config.o
 .text.CLOCK_SetEnetTime0Clock
                0x00003bac       0x38 ./board/clock_config.o
 .text.CLOCK_SetRmii0Clock
                0x00003be4       0x38 ./board/clock_config.o
 .text.CLOCK_SetTraceClock
                0x00003c1c       0x38 ./board/clock_config.o
 .text.CLOCK_SetClkOutClock
                0x00003c54       0x34 ./board/clock_config.o
 .text.CLOCK_SetSimSafeDivs
                0x00003c88       0x20 ./board/clock_config.o
 .text.CLOCK_SetXtal0Freq
                0x00003ca8       0x20 ./board/clock_config.o
 .text.CLOCK_CONFIG_SetFllExtRefDiv
                0x00003cc8       0x3c ./board/clock_config.o
 .text.BOARD_BootClockRUN
                0x00003d04       0x88 ./board/clock_config.o
                0x00003d04                BOARD_BootClockRUN
 .text.__NVIC_EnableIRQ
                0x00003d8c       0x3c ./board/peripherals.o
 .text.PIT_SetTimerPeriod
                0x00003dc8       0x44 ./board/peripherals.o
 .text.ADC0_init
                0x00003e0c       0x30 ./board/peripherals.o
 .text.PIT_init
                0x00003e3c       0xa0 ./board/peripherals.o
 .text.DAC0_init
                0x00003edc       0x34 ./board/peripherals.o
 .text.PORT_SetPinConfig
                0x00003f10       0x48 ./board/pin_mux.o
 .text.BOARD_InitLEDsPins
                0x00003f58      0x154 ./board/pin_mux.o
                0x00003f58                BOARD_InitLEDsPins
 .text.BOARD_InitDEBUG_UARTPins
                0x000040ac       0x68 ./board/pin_mux.o
                0x000040ac                BOARD_InitDEBUG_UARTPins
 .text          0x00004114      0x378 c:/nxp/mcuxpressoide_11.6.0_8187/ide/plugins/com.nxp.mcuxpresso.tools.win32_11.6.0.202112161359/tools/bin/../lib/gcc/arm-none-eabi/10.3.1/thumb/v7e-m+fp/hard\libgcc.a(_arm_addsubdf3.o)
                0x00004114                __aeabi_drsub
                0x0000411c                __aeabi_dsub
                0x0000411c                __subdf3
                0x00004120                __aeabi_dadd
                0x00004120                __adddf3
                0x00004398                __floatunsidf
                0x00004398                __aeabi_ui2d
                0x000043b8                __floatsidf
                0x000043b8                __aeabi_i2d
                0x000043dc                __aeabi_f2d
                0x000043dc                __extendsfdf2
                0x00004420                __floatundidf
                0x00004420                __aeabi_ul2d
                0x00004430                __floatdidf
                0x00004430                __aeabi_l2d
 .text          0x0000448c      0x424 c:/nxp/mcuxpressoide_11.6.0_8187/ide/plugins/com.nxp.mcuxpresso.tools.win32_11.6.0.202112161359/tools/bin/../lib/gcc/arm-none-eabi/10.3.1/thumb/v7e-m+fp/hard\libgcc.a(_arm_muldivdf3.o)
                0x0000448c                __aeabi_dmul
                0x0000448c                __muldf3
                0x000046e0                __divdf3
                0x000046e0                __aeabi_ddiv
 .text          0x000048b0      0x110 c:/nxp/mcuxpressoide_11.6.0_8187/ide/plugins/com.nxp.mcuxpresso.tools.win32_11.6.0.202112161359/tools/bin/../lib/gcc/arm-none-eabi/10.3.1/thumb/v7e-m+fp/hard\libgcc.a(_arm_cmpdf2.o)
                0x000048b0                __gtdf2
                0x000048b0                __gedf2
                0x000048b8                __ltdf2
                0x000048b8                __ledf2
                0x000048c0                __nedf2
                0x000048c0                __eqdf2
                0x000048c0                __cmpdf2
                0x0000493c                __aeabi_cdrcmple
                0x0000494c                __aeabi_cdcmpeq
                0x0000494c                __aeabi_cdcmple
                0x0000495c                __aeabi_dcmpeq
                0x00004970                __aeabi_dcmplt
                0x00004984                __aeabi_dcmple
                0x00004998                __aeabi_dcmpge
                0x000049ac                __aeabi_dcmpgt
 .text          0x000049c0       0x30 c:/nxp/mcuxpressoide_11.6.0_8187/ide/plugins/com.nxp.mcuxpresso.tools.win32_11.6.0.202112161359/tools/bin/../lib/gcc/arm-none-eabi/10.3.1/thumb/v7e-m+fp/hard\libgcc.a(_aeabi_uldivmod.o)
                0x000049c0                __aeabi_uldivmod
 .text          0x000049f0      0x2d0 c:/nxp/mcuxpressoide_11.6.0_8187/ide/plugins/com.nxp.mcuxpresso.tools.win32_11.6.0.202112161359/tools/bin/../lib/gcc/arm-none-eabi/10.3.1/thumb/v7e-m+fp/hard\libgcc.a(_udivmoddi4.o)
                0x000049f0                __udivmoddi4
 .text          0x00004cc0        0x4 c:/nxp/mcuxpressoide_11.6.0_8187/ide/plugins/com.nxp.mcuxpresso.tools.win32_11.6.0.202112161359/tools/bin/../lib/gcc/arm-none-eabi/10.3.1/thumb/v7e-m+fp/hard\libgcc.a(_dvmd_tls.o)
                0x00004cc0                __aeabi_idiv0
                0x00004cc0                __aeabi_ldiv0
 .text          0x00004cc4       0x40 c:/nxp/mcuxpressoide_11.6.0_8187/ide/plugins/com.nxp.mcuxpresso.tools.win32_11.6.0.202112161359/tools/bin/../lib/gcc/arm-none-eabi/10.3.1/thumb/v7e-m+fp/hard\libgcc.a(_arm_fixunsdfsi.o)
                0x00004cc4                __aeabi_d2uiz
                0x00004cc4                __fixunsdfsi
 .text.__assert_func
                0x00004d04       0x3c c:/nxp/mcuxpressoide_11.6.0_8187/ide/plugins/com.nxp.mcuxpresso.tools.win32_11.6.0.202112161359/tools/bin/../lib/gcc/arm-none-eabi/10.3.1/../../../../arm-none-eabi/lib/thumb/v7e-m+fp/hard\libc_nano.a(lib_a-assert.o)
                0x00004d04                __assert_func
 .text.__errno  0x00004d40        0xc c:/nxp/mcuxpressoide_11.6.0_8187/ide/plugins/com.nxp.mcuxpresso.tools.win32_11.6.0.202112161359/tools/bin/../lib/gcc/arm-none-eabi/10.3.1/../../../../arm-none-eabi/lib/thumb/v7e-m+fp/hard\libc_nano.a(lib_a-errno.o)
                0x00004d40                __errno
 .text.fprintf  0x00004d4c       0x24 c:/nxp/mcuxpressoide_11.6.0_8187/ide/plugins/com.nxp.mcuxpresso.tools.win32_11.6.0.202112161359/tools/bin/../lib/gcc/arm-none-eabi/10.3.1/../../../../arm-none-eabi/lib/thumb/v7e-m+fp/hard\libc_nano.a(lib_a-fprintf.o)
                0x00004d4c                fiprintf
                0x00004d4c                fprintf
 .text.malloc   0x00004d70       0x10 c:/nxp/mcuxpressoide_11.6.0_8187/ide/plugins/com.nxp.mcuxpresso.tools.win32_11.6.0.202112161359/tools/bin/../lib/gcc/arm-none-eabi/10.3.1/../../../../arm-none-eabi/lib/thumb/v7e-m+fp/hard\libc_nano.a(lib_a-malloc.o)
                0x00004d70                malloc
 .text._free_r  0x00004d80       0x98 c:/nxp/mcuxpressoide_11.6.0_8187/ide/plugins/com.nxp.mcuxpresso.tools.win32_11.6.0.202112161359/tools/bin/../lib/gcc/arm-none-eabi/10.3.1/../../../../arm-none-eabi/lib/thumb/v7e-m+fp/hard\libc_nano.a(lib_a-nano-freer.o)
                0x00004d80                _free_r
 .text.sbrk_aligned
                0x00004e18       0x40 c:/nxp/mcuxpressoide_11.6.0_8187/ide/plugins/com.nxp.mcuxpresso.tools.win32_11.6.0.202112161359/tools/bin/../lib/gcc/arm-none-eabi/10.3.1/../../../../arm-none-eabi/lib/thumb/v7e-m+fp/hard\libc_nano.a(lib_a-nano-mallocr.o)
 .text._malloc_r
                0x00004e58       0xe8 c:/nxp/mcuxpressoide_11.6.0_8187/ide/plugins/com.nxp.mcuxpresso.tools.win32_11.6.0.202112161359/tools/bin/../lib/gcc/arm-none-eabi/10.3.1/../../../../arm-none-eabi/lib/thumb/v7e-m+fp/hard\libc_nano.a(lib_a-nano-mallocr.o)
                0x00004e58                _malloc_r
 .text._vfprintf_r
                0x00004f40      0x260 c:/nxp/mcuxpressoide_11.6.0_8187/ide/plugins/com.nxp.mcuxpresso.tools.win32_11.6.0.202112161359/tools/bin/../lib/gcc/arm-none-eabi/10.3.1/../../../../arm-none-eabi/lib/thumb/v7e-m+fp/hard\libc_nano.a(lib_a-nano-vfprintf.o)
                0x00004f40                _vfprintf_r
                0x00004f40                _vfiprintf_r
 .text._printf_float
                0x000051a0      0x46c c:/nxp/mcuxpressoide_11.6.0_8187/ide/plugins/com.nxp.mcuxpresso.tools.win32_11.6.0.202112161359/tools/bin/../lib/gcc/arm-none-eabi/10.3.1/../../../../arm-none-eabi/lib/thumb/v7e-m+fp/hard\libc_nano.a(lib_a-nano-vfprintf_float.o)
                0x000051a0                _printf_float
 .text._printf_i
                0x0000560c      0x24c c:/nxp/mcuxpressoide_11.6.0_8187/ide/plugins/com.nxp.mcuxpresso.tools.win32_11.6.0.202112161359/tools/bin/../lib/gcc/arm-none-eabi/10.3.1/../../../../arm-none-eabi/lib/thumb/v7e-m+fp/hard\libc_nano.a(lib_a-nano-vfprintf_i.o)
                0x0000560c                _printf_i
 .text._scanf_float
                0x00005858      0x420 c:/nxp/mcuxpressoide_11.6.0_8187/ide/plugins/com.nxp.mcuxpresso.tools.win32_11.6.0.202112161359/tools/bin/../lib/gcc/arm-none-eabi/10.3.1/../../../../arm-none-eabi/lib/thumb/v7e-m+fp/hard\libc_nano.a(lib_a-nano-vfscanf_float.o)
                0x00005858                _scanf_float
 .text._sbrk_r  0x00005c78       0x20 c:/nxp/mcuxpressoide_11.6.0_8187/ide/plugins/com.nxp.mcuxpresso.tools.win32_11.6.0.202112161359/tools/bin/../lib/gcc/arm-none-eabi/10.3.1/../../../../arm-none-eabi/lib/thumb/v7e-m+fp/hard\libc_nano.a(lib_a-sbrkr.o)
                0x00005c78                _sbrk_r
 .text.nanf     0x00005c98        0xc c:/nxp/mcuxpressoide_11.6.0_8187/ide/plugins/com.nxp.mcuxpresso.tools.win32_11.6.0.202112161359/tools/bin/../lib/gcc/arm-none-eabi/10.3.1/../../../../arm-none-eabi/lib/thumb/v7e-m+fp/hard\libc_nano.a(lib_a-sf_nan.o)
                0x00005c98                nanf
 .text.sprintf  0x00005ca4       0x40 c:/nxp/mcuxpressoide_11.6.0_8187/ide/plugins/com.nxp.mcuxpresso.tools.win32_11.6.0.202112161359/tools/bin/../lib/gcc/arm-none-eabi/10.3.1/../../../../arm-none-eabi/lib/thumb/v7e-m+fp/hard\libc_nano.a(lib_a-sprintf.o)
                0x00005ca4                siprintf
                0x00005ca4                sprintf
 .text._strtod_r
                0x00005ce4        0xc c:/nxp/mcuxpressoide_11.6.0_8187/ide/plugins/com.nxp.mcuxpresso.tools.win32_11.6.0.202112161359/tools/bin/../lib/gcc/arm-none-eabi/10.3.1/../../../../arm-none-eabi/lib/thumb/v7e-m+fp/hard\libc_nano.a(lib_a-strtod.o)
                0x00005ce4                _strtod_r
 .text._strtol_l.constprop.0
                0x00005cf0      0x104 c:/nxp/mcuxpressoide_11.6.0_8187/ide/plugins/com.nxp.mcuxpresso.tools.win32_11.6.0.202112161359/tools/bin/../lib/gcc/arm-none-eabi/10.3.1/../../../../arm-none-eabi/lib/thumb/v7e-m+fp/hard\libc_nano.a(lib_a-strtol.o)
 .text.__swbuf_r
                0x00005df4       0xa4 c:/nxp/mcuxpressoide_11.6.0_8187/ide/plugins/com.nxp.mcuxpresso.tools.win32_11.6.0.202112161359/tools/bin/../lib/gcc/arm-none-eabi/10.3.1/../../../../arm-none-eabi/lib/thumb/v7e-m+fp/hard\libc_nano.a(lib_a-wbuf.o)
                0x00005df4                __swbuf_r
 .text.__swsetup_r
                0x00005e98       0xdc c:/nxp/mcuxpressoide_11.6.0_8187/ide/plugins/com.nxp.mcuxpresso.tools.win32_11.6.0.202112161359/tools/bin/../lib/gcc/arm-none-eabi/10.3.1/../../../../arm-none-eabi/lib/thumb/v7e-m+fp/hard\libc_nano.a(lib_a-wsetup.o)
                0x00005e98                __swsetup_r
 .text.__sflush_r
                0x00005f74      0x10c c:/nxp/mcuxpressoide_11.6.0_8187/ide/plugins/com.nxp.mcuxpresso.tools.win32_11.6.0.202112161359/tools/bin/../lib/gcc/arm-none-eabi/10.3.1/../../../../arm-none-eabi/lib/thumb/v7e-m+fp/hard\libc_nano.a(lib_a-fflush.o)
                0x00005f74                __sflush_r
 .text._fflush_r
                0x00006080       0x78 c:/nxp/mcuxpressoide_11.6.0_8187/ide/plugins/com.nxp.mcuxpresso.tools.win32_11.6.0.202112161359/tools/bin/../lib/gcc/arm-none-eabi/10.3.1/../../../../arm-none-eabi/lib/thumb/v7e-m+fp/hard\libc_nano.a(lib_a-fflush.o)
                0x00006080                _fflush_r
 .text.std      0x000060f8       0x48 c:/nxp/mcuxpressoide_11.6.0_8187/ide/plugins/com.nxp.mcuxpresso.tools.win32_11.6.0.202112161359/tools/bin/../lib/gcc/arm-none-eabi/10.3.1/../../../../arm-none-eabi/lib/thumb/v7e-m+fp/hard\libc_nano.a(lib_a-findfp.o)
 .text._cleanup_r
                0x00006140        0xc c:/nxp/mcuxpressoide_11.6.0_8187/ide/plugins/com.nxp.mcuxpresso.tools.win32_11.6.0.202112161359/tools/bin/../lib/gcc/arm-none-eabi/10.3.1/../../../../arm-none-eabi/lib/thumb/v7e-m+fp/hard\libc_nano.a(lib_a-findfp.o)
                0x00006140                _cleanup_r
 .text.__sfp_lock_acquire
                0x0000614c        0xc c:/nxp/mcuxpressoide_11.6.0_8187/ide/plugins/com.nxp.mcuxpresso.tools.win32_11.6.0.202112161359/tools/bin/../lib/gcc/arm-none-eabi/10.3.1/../../../../arm-none-eabi/lib/thumb/v7e-m+fp/hard\libc_nano.a(lib_a-findfp.o)
                0x0000614c                __sfp_lock_acquire
 .text.__sfp_lock_release
                0x00006158        0xc c:/nxp/mcuxpressoide_11.6.0_8187/ide/plugins/com.nxp.mcuxpresso.tools.win32_11.6.0.202112161359/tools/bin/../lib/gcc/arm-none-eabi/10.3.1/../../../../arm-none-eabi/lib/thumb/v7e-m+fp/hard\libc_nano.a(lib_a-findfp.o)
                0x00006158                __sfp_lock_release
 .text.__sinit_lock_acquire
                0x00006164        0xc c:/nxp/mcuxpressoide_11.6.0_8187/ide/plugins/com.nxp.mcuxpresso.tools.win32_11.6.0.202112161359/tools/bin/../lib/gcc/arm-none-eabi/10.3.1/../../../../arm-none-eabi/lib/thumb/v7e-m+fp/hard\libc_nano.a(lib_a-findfp.o)
                0x00006164                __sinit_lock_acquire
 .text.__sinit_lock_release
                0x00006170        0xc c:/nxp/mcuxpressoide_11.6.0_8187/ide/plugins/com.nxp.mcuxpresso.tools.win32_11.6.0.202112161359/tools/bin/../lib/gcc/arm-none-eabi/10.3.1/../../../../arm-none-eabi/lib/thumb/v7e-m+fp/hard\libc_nano.a(lib_a-findfp.o)
                0x00006170                __sinit_lock_release
 .text.__sinit  0x0000617c       0x70 c:/nxp/mcuxpressoide_11.6.0_8187/ide/plugins/com.nxp.mcuxpresso.tools.win32_11.6.0.202112161359/tools/bin/../lib/gcc/arm-none-eabi/10.3.1/../../../../arm-none-eabi/lib/thumb/v7e-m+fp/hard\libc_nano.a(lib_a-findfp.o)
                0x0000617c                __sinit
 .text.__sfp    0x000061ec       0x8c c:/nxp/mcuxpressoide_11.6.0_8187/ide/plugins/com.nxp.mcuxpresso.tools.win32_11.6.0.202112161359/tools/bin/../lib/gcc/arm-none-eabi/10.3.1/../../../../arm-none-eabi/lib/thumb/v7e-m+fp/hard\libc_nano.a(lib_a-findfp.o)
                0x000061ec                __sfp
 .text.__gethex
                0x00006278      0x48c c:/nxp/mcuxpressoide_11.6.0_8187/ide/plugins/com.nxp.mcuxpresso.tools.win32_11.6.0.202112161359/tools/bin/../lib/gcc/arm-none-eabi/10.3.1/../../../../arm-none-eabi/lib/thumb/v7e-m+fp/hard\libc_nano.a(lib_a-gdtoa-gethex.o)
                0x00006278                __gethex
 .text._localeconv_r
                0x00006704        0x8 c:/nxp/mcuxpressoide_11.6.0_8187/ide/plugins/com.nxp.mcuxpresso.tools.win32_11.6.0.202112161359/tools/bin/../lib/gcc/arm-none-eabi/10.3.1/../../../../arm-none-eabi/lib/thumb/v7e-m+fp/hard\libc_nano.a(lib_a-localeconv.o)
                0x00006704                _localeconv_r
 .text.__smakebuf_r
                0x0000670c       0x80 c:/nxp/mcuxpressoide_11.6.0_8187/ide/plugins/com.nxp.mcuxpresso.tools.win32_11.6.0.202112161359/tools/bin/../lib/gcc/arm-none-eabi/10.3.1/../../../../arm-none-eabi/lib/thumb/v7e-m+fp/hard\libc_nano.a(lib_a-makebuf.o)
                0x0000670c                __smakebuf_r
 .text.__malloc_lock
                0x0000678c        0xc c:/nxp/mcuxpressoide_11.6.0_8187/ide/plugins/com.nxp.mcuxpresso.tools.win32_11.6.0.202112161359/tools/bin/../lib/gcc/arm-none-eabi/10.3.1/../../../../arm-none-eabi/lib/thumb/v7e-m+fp/hard\libc_nano.a(lib_a-mlock.o)
                0x0000678c                __malloc_lock
 .text.__malloc_unlock
                0x00006798        0xc c:/nxp/mcuxpressoide_11.6.0_8187/ide/plugins/com.nxp.mcuxpresso.tools.win32_11.6.0.202112161359/tools/bin/../lib/gcc/arm-none-eabi/10.3.1/../../../../arm-none-eabi/lib/thumb/v7e-m+fp/hard\libc_nano.a(lib_a-mlock.o)
                0x00006798                __malloc_unlock
 .text._Balloc  0x000067a4       0x80 c:/nxp/mcuxpressoide_11.6.0_8187/ide/plugins/com.nxp.mcuxpresso.tools.win32_11.6.0.202112161359/tools/bin/../lib/gcc/arm-none-eabi/10.3.1/../../../../arm-none-eabi/lib/thumb/v7e-m+fp/hard\libc_nano.a(lib_a-mprec.o)
                0x000067a4                _Balloc
 .text._Bfree   0x00006824       0x44 c:/nxp/mcuxpressoide_11.6.0_8187/ide/plugins/com.nxp.mcuxpresso.tools.win32_11.6.0.202112161359/tools/bin/../lib/gcc/arm-none-eabi/10.3.1/../../../../arm-none-eabi/lib/thumb/v7e-m+fp/hard\libc_nano.a(lib_a-mprec.o)
                0x00006824                _Bfree
 .text.__multadd
                0x00006868       0x8c c:/nxp/mcuxpressoide_11.6.0_8187/ide/plugins/com.nxp.mcuxpresso.tools.win32_11.6.0.202112161359/tools/bin/../lib/gcc/arm-none-eabi/10.3.1/../../../../arm-none-eabi/lib/thumb/v7e-m+fp/hard\libc_nano.a(lib_a-mprec.o)
                0x00006868                __multadd
 .text.__s2b    0x000068f4       0x94 c:/nxp/mcuxpressoide_11.6.0_8187/ide/plugins/com.nxp.mcuxpresso.tools.win32_11.6.0.202112161359/tools/bin/../lib/gcc/arm-none-eabi/10.3.1/../../../../arm-none-eabi/lib/thumb/v7e-m+fp/hard\libc_nano.a(lib_a-mprec.o)
                0x000068f4                __s2b
 .text.__i2b    0x00006988       0x2c c:/nxp/mcuxpressoide_11.6.0_8187/ide/plugins/com.nxp.mcuxpresso.tools.win32_11.6.0.202112161359/tools/bin/../lib/gcc/arm-none-eabi/10.3.1/../../../../arm-none-eabi/lib/thumb/v7e-m+fp/hard\libc_nano.a(lib_a-mprec.o)
                0x00006988                __i2b
 .text.__multiply
                0x000069b4      0x154 c:/nxp/mcuxpressoide_11.6.0_8187/ide/plugins/com.nxp.mcuxpresso.tools.win32_11.6.0.202112161359/tools/bin/../lib/gcc/arm-none-eabi/10.3.1/../../../../arm-none-eabi/lib/thumb/v7e-m+fp/hard\libc_nano.a(lib_a-mprec.o)
                0x000069b4                __multiply
 .text.__pow5mult
                0x00006b08       0xb4 c:/nxp/mcuxpressoide_11.6.0_8187/ide/plugins/com.nxp.mcuxpresso.tools.win32_11.6.0.202112161359/tools/bin/../lib/gcc/arm-none-eabi/10.3.1/../../../../arm-none-eabi/lib/thumb/v7e-m+fp/hard\libc_nano.a(lib_a-mprec.o)
                0x00006b08                __pow5mult
 .text.__lshift
                0x00006bbc       0xe0 c:/nxp/mcuxpressoide_11.6.0_8187/ide/plugins/com.nxp.mcuxpresso.tools.win32_11.6.0.202112161359/tools/bin/../lib/gcc/arm-none-eabi/10.3.1/../../../../arm-none-eabi/lib/thumb/v7e-m+fp/hard\libc_nano.a(lib_a-mprec.o)
                0x00006bbc                __lshift
 .text.__mdiff  0x00006c9c      0x114 c:/nxp/mcuxpressoide_11.6.0_8187/ide/plugins/com.nxp.mcuxpresso.tools.win32_11.6.0.202112161359/tools/bin/../lib/gcc/arm-none-eabi/10.3.1/../../../../arm-none-eabi/lib/thumb/v7e-m+fp/hard\libc_nano.a(lib_a-mprec.o)
                0x00006c9c                __mdiff
 .text.__ulp    0x00006db0       0x58 c:/nxp/mcuxpressoide_11.6.0_8187/ide/plugins/com.nxp.mcuxpresso.tools.win32_11.6.0.202112161359/tools/bin/../lib/gcc/arm-none-eabi/10.3.1/../../../../arm-none-eabi/lib/thumb/v7e-m+fp/hard\libc_nano.a(lib_a-mprec.o)
                0x00006db0                __ulp
 .text.__b2d    0x00006e08       0xa0 c:/nxp/mcuxpressoide_11.6.0_8187/ide/plugins/com.nxp.mcuxpresso.tools.win32_11.6.0.202112161359/tools/bin/../lib/gcc/arm-none-eabi/10.3.1/../../../../arm-none-eabi/lib/thumb/v7e-m+fp/hard\libc_nano.a(lib_a-mprec.o)
                0x00006e08                __b2d
 .text.__d2b    0x00006ea8       0xb8 c:/nxp/mcuxpressoide_11.6.0_8187/ide/plugins/com.nxp.mcuxpresso.tools.win32_11.6.0.202112161359/tools/bin/../lib/gcc/arm-none-eabi/10.3.1/../../../../arm-none-eabi/lib/thumb/v7e-m+fp/hard\libc_nano.a(lib_a-mprec.o)
                0x00006ea8                __d2b
 .text._svfprintf_r
                0x00006f60      0x200 c:/nxp/mcuxpressoide_11.6.0_8187/ide/plugins/com.nxp.mcuxpresso.tools.win32_11.6.0.202112161359/tools/bin/../lib/gcc/arm-none-eabi/10.3.1/../../../../arm-none-eabi/lib/thumb/v7e-m+fp/hard\libc_nano.a(lib_a-nano-svfprintf.o)
                0x00006f60                _svfiprintf_r
                0x00006f60                _svfprintf_r
 .text.raise    0x00007160       0x10 c:/nxp/mcuxpressoide_11.6.0_8187/ide/plugins/com.nxp.mcuxpresso.tools.win32_11.6.0.202112161359/tools/bin/../lib/gcc/arm-none-eabi/10.3.1/../../../../arm-none-eabi/lib/thumb/v7e-m+fp/hard\libc_nano.a(lib_a-signal.o)
                0x00007160                raise
 .text._kill_r  0x00007170       0x24 c:/nxp/mcuxpressoide_11.6.0_8187/ide/plugins/com.nxp.mcuxpresso.tools.win32_11.6.0.202112161359/tools/bin/../lib/gcc/arm-none-eabi/10.3.1/../../../../arm-none-eabi/lib/thumb/v7e-m+fp/hard\libc_nano.a(lib_a-signalr.o)
                0x00007170                _kill_r
 .text._write_r
                0x00007194       0x24 c:/nxp/mcuxpressoide_11.6.0_8187/ide/plugins/com.nxp.mcuxpresso.tools.win32_11.6.0.202112161359/tools/bin/../lib/gcc/arm-none-eabi/10.3.1/../../../../arm-none-eabi/lib/thumb/v7e-m+fp/hard\libc_nano.a(lib_a-writer.o)
                0x00007194                _write_r
 .text._close_r
                0x000071b8       0x20 c:/nxp/mcuxpressoide_11.6.0_8187/ide/plugins/com.nxp.mcuxpresso.tools.win32_11.6.0.202112161359/tools/bin/../lib/gcc/arm-none-eabi/10.3.1/../../../../arm-none-eabi/lib/thumb/v7e-m+fp/hard\libc_nano.a(lib_a-closer.o)
                0x000071b8                _close_r
 .text._fstat_r
                0x000071d8       0x24 c:/nxp/mcuxpressoide_11.6.0_8187/ide/plugins/com.nxp.mcuxpresso.tools.win32_11.6.0.202112161359/tools/bin/../lib/gcc/arm-none-eabi/10.3.1/../../../../arm-none-eabi/lib/thumb/v7e-m+fp/hard\libc_nano.a(lib_a-fstatr.o)
                0x000071d8                _fstat_r
 .text._isatty_r
                0x000071fc       0x20 c:/nxp/mcuxpressoide_11.6.0_8187/ide/plugins/com.nxp.mcuxpresso.tools.win32_11.6.0.202112161359/tools/bin/../lib/gcc/arm-none-eabi/10.3.1/../../../../arm-none-eabi/lib/thumb/v7e-m+fp/hard\libc_nano.a(lib_a-isattyr.o)
                0x000071fc                _isatty_r
 .text._lseek_r
                0x0000721c       0x24 c:/nxp/mcuxpressoide_11.6.0_8187/ide/plugins/com.nxp.mcuxpresso.tools.win32_11.6.0.202112161359/tools/bin/../lib/gcc/arm-none-eabi/10.3.1/../../../../arm-none-eabi/lib/thumb/v7e-m+fp/hard\libc_nano.a(lib_a-lseekr.o)
                0x0000721c                _lseek_r
 .text._read_r  0x00007240       0x24 c:/nxp/mcuxpressoide_11.6.0_8187/ide/plugins/com.nxp.mcuxpresso.tools.win32_11.6.0.202112161359/tools/bin/../lib/gcc/arm-none-eabi/10.3.1/../../../../arm-none-eabi/lib/thumb/v7e-m+fp/hard\libc_nano.a(lib_a-readr.o)
                0x00007240                _read_r
 .text._sbrk    0x00007264       0x3c c:/nxp/mcuxpressoide_11.6.0_8187/ide/plugins/com.nxp.mcuxpresso.tools.win32_11.6.0.202112161359/tools/bin/../lib/gcc/arm-none-eabi/10.3.1/../../../../arm-none-eabi/lib/thumb/v7e-m+fp/hard\libcr_newlib_semihost.a(_cr_sbrk.o)
                0x00007264                _sbrk
 .text._kill    0x000072a0       0x20 c:/nxp/mcuxpressoide_11.6.0_8187/ide/plugins/com.nxp.mcuxpresso.tools.win32_11.6.0.202112161359/tools/bin/../lib/gcc/arm-none-eabi/10.3.1/../../../../arm-none-eabi/lib/thumb/v7e-m+fp/hard\libcr_newlib_semihost.a(_kill.o)
                0x000072a0                _kill
 .text.initialise_monitor_handles.part.0
                0x000072c0       0xa4 c:/nxp/mcuxpressoide_11.6.0_8187/ide/plugins/com.nxp.mcuxpresso.tools.win32_11.6.0.202112161359/tools/bin/../lib/gcc/arm-none-eabi/10.3.1/../../../../arm-none-eabi/lib/thumb/v7e-m+fp/hard\libcr_newlib_semihost.a(syscalls.o)
 .text.findslot
                0x00007364       0x30 c:/nxp/mcuxpressoide_11.6.0_8187/ide/plugins/com.nxp.mcuxpresso.tools.win32_11.6.0.202112161359/tools/bin/../lib/gcc/arm-none-eabi/10.3.1/../../../../arm-none-eabi/lib/thumb/v7e-m+fp/hard\libcr_newlib_semihost.a(syscalls.o)
 .text._close   0x00007394       0x4c c:/nxp/mcuxpressoide_11.6.0_8187/ide/plugins/com.nxp.mcuxpresso.tools.win32_11.6.0.202112161359/tools/bin/../lib/gcc/arm-none-eabi/10.3.1/../../../../arm-none-eabi/lib/thumb/v7e-m+fp/hard\libcr_newlib_semihost.a(syscalls.o)
                0x00007394                _close
 .text.__check_heap_overflow
                0x000073e0       0x18 c:/nxp/mcuxpressoide_11.6.0_8187/ide/plugins/com.nxp.mcuxpresso.tools.win32_11.6.0.202112161359/tools/bin/../lib/gcc/arm-none-eabi/10.3.1/../../../../arm-none-eabi/lib/thumb/v7e-m+fp/hard\libcr_newlib_semihost.a(_cr_check_heap.o)
                0x000073e0                __check_heap_overflow
 .text          0x000073f8       0x2c c:/nxp/mcuxpressoide_11.6.0_8187/ide/plugins/com.nxp.mcuxpresso.tools.win32_11.6.0.202112161359/tools/bin/../lib/gcc/arm-none-eabi/10.3.1/thumb/v7e-m+fp/hard\libgcc.a(_arm_unorddf2.o)
                0x000073f8                __unorddf2
                0x000073f8                __aeabi_dcmpun
 .text          0x00007424       0x50 c:/nxp/mcuxpressoide_11.6.0_8187/ide/plugins/com.nxp.mcuxpresso.tools.win32_11.6.0.202112161359/tools/bin/../lib/gcc/arm-none-eabi/10.3.1/thumb/v7e-m+fp/hard\libgcc.a(_arm_fixdfsi.o)
                0x00007424                __aeabi_d2iz
                0x00007424                __fixdfsi
 .text          0x00007474       0xa0 c:/nxp/mcuxpressoide_11.6.0_8187/ide/plugins/com.nxp.mcuxpresso.tools.win32_11.6.0.202112161359/tools/bin/../lib/gcc/arm-none-eabi/10.3.1/thumb/v7e-m+fp/hard\libgcc.a(_arm_truncdfsf2.o)
                0x00007474                __truncdfsf2
                0x00007474                __aeabi_d2f
 .text          0x00007514       0x30 c:/nxp/mcuxpressoide_11.6.0_8187/ide/plugins/com.nxp.mcuxpresso.tools.win32_11.6.0.202112161359/tools/bin/../lib/gcc/arm-none-eabi/10.3.1/thumb/v7e-m+fp/hard\libgcc.a(_fixdfdi.o)
                0x00007514                __fixdfdi
                0x00007514                __aeabi_d2lz
 .text          0x00007544       0x3c c:/nxp/mcuxpressoide_11.6.0_8187/ide/plugins/com.nxp.mcuxpresso.tools.win32_11.6.0.202112161359/tools/bin/../lib/gcc/arm-none-eabi/10.3.1/thumb/v7e-m+fp/hard\libgcc.a(_fixunsdfdi.o)
                0x00007544                __fixunsdfdi
                0x00007544                __aeabi_d2ulz
 .text.DbgConsole_PrintCallback
                0x00007580       0x66 ./utilities/fsl_debug_console.o
 .text.DbgConsole_Printf
                0x000075e6       0x2c ./utilities/fsl_debug_console.o
                0x000075e6                DbgConsole_Printf
 .text.PrintGetWidth
                0x00007612       0x6a ./utilities/fsl_str.o
 .text.PrintGetPrecision
                0x0000767c       0x8c ./utilities/fsl_str.o
 .text.PrintIsobpu
                0x00007708       0x38 ./utilities/fsl_str.o
 .text.PrintIsdi
                0x00007740       0x2c ./utilities/fsl_str.o
 .text.PrintOutputdifFobpu
                0x0000776c       0x44 ./utilities/fsl_str.o
 .text.PrintOutputxX
                0x000077b0       0x44 ./utilities/fsl_str.o
 .text.PrintIsfF
                0x000077f4       0x2c ./utilities/fsl_str.o
 .text.PrintIsxX
                0x00007820       0x2c ./utilities/fsl_str.o
 .text.PrintFilterLengthFlag
                0x0000784c       0x3e ./utilities/fsl_str.o
 .text.PrintGetRadixFromobpu
                0x0000788a       0x40 ./utilities/fsl_str.o
 .text.ConvertRadixNumToString
                0x000078ca       0xc2 ./utilities/fsl_str.o
 .text.StrFormatPrintf
                0x0000798c      0x2ac ./utilities/fsl_str.o
                0x0000798c                StrFormatPrintf
 .text.DMA0_IRQHandler
                0x00007c38        0x8 ./startup/startup_mk64f12.o
                0x00007c38                DMA0_IRQHandler
 .text.DMA1_IRQHandler
                0x00007c40        0x8 ./startup/startup_mk64f12.o
                0x00007c40                DMA1_IRQHandler
 .text.DMA2_IRQHandler
                0x00007c48        0x8 ./startup/startup_mk64f12.o
                0x00007c48                DMA2_IRQHandler
 .text.DMA3_IRQHandler
                0x00007c50        0x8 ./startup/startup_mk64f12.o
                0x00007c50                DMA3_IRQHandler
 .text.DMA4_IRQHandler
                0x00007c58        0x8 ./startup/startup_mk64f12.o
                0x00007c58                DMA4_IRQHandler
 .text.DMA5_IRQHandler
                0x00007c60        0x8 ./startup/startup_mk64f12.o
                0x00007c60                DMA5_IRQHandler
 .text.DMA6_IRQHandler
                0x00007c68        0x8 ./startup/startup_mk64f12.o
                0x00007c68                DMA6_IRQHandler
 .text.DMA7_IRQHandler
                0x00007c70        0x8 ./startup/startup_mk64f12.o
                0x00007c70                DMA7_IRQHandler
 .text.DMA8_IRQHandler
                0x00007c78        0x8 ./startup/startup_mk64f12.o
                0x00007c78                DMA8_IRQHandler
 .text.DMA9_IRQHandler
                0x00007c80        0x8 ./startup/startup_mk64f12.o
                0x00007c80                DMA9_IRQHandler
 .text.DMA10_IRQHandler
                0x00007c88        0x8 ./startup/startup_mk64f12.o
                0x00007c88                DMA10_IRQHandler
 .text.DMA11_IRQHandler
                0x00007c90        0x8 ./startup/startup_mk64f12.o
                0x00007c90                DMA11_IRQHandler
 .text.DMA12_IRQHandler
                0x00007c98        0x8 ./startup/startup_mk64f12.o
                0x00007c98                DMA12_IRQHandler
 .text.DMA13_IRQHandler
                0x00007ca0        0x8 ./startup/startup_mk64f12.o
                0x00007ca0                DMA13_IRQHandler
 .text.DMA14_IRQHandler
                0x00007ca8        0x8 ./startup/startup_mk64f12.o
                0x00007ca8                DMA14_IRQHandler
 .text.DMA15_IRQHandler
                0x00007cb0        0x8 ./startup/startup_mk64f12.o
                0x00007cb0                DMA15_IRQHandler
 .text.DMA_Error_IRQHandler
                0x00007cb8        0x8 ./startup/startup_mk64f12.o
                0x00007cb8                DMA_Error_IRQHandler
 .text.MCM_IRQHandler
                0x00007cc0        0x8 ./startup/startup_mk64f12.o
                0x00007cc0                MCM_IRQHandler
 .text.FTFE_IRQHandler
                0x00007cc8        0x8 ./startup/startup_mk64f12.o
                0x00007cc8                FTFE_IRQHandler
 .text.Read_Collision_IRQHandler
                0x00007cd0        0x8 ./startup/startup_mk64f12.o
                0x00007cd0                Read_Collision_IRQHandler
 .text.LVD_LVW_IRQHandler
                0x00007cd8        0x8 ./startup/startup_mk64f12.o
                0x00007cd8                LVD_LVW_IRQHandler
 .text.LLWU_IRQHandler
                0x00007ce0        0x8 ./startup/startup_mk64f12.o
                0x00007ce0                LLWU_IRQHandler
 .text.WDOG_EWM_IRQHandler
                0x00007ce8        0x8 ./startup/startup_mk64f12.o
                0x00007ce8                WDOG_EWM_IRQHandler
 .text.RNG_IRQHandler
                0x00007cf0        0x8 ./startup/startup_mk64f12.o
                0x00007cf0                RNG_IRQHandler
 .text.I2C0_IRQHandler
                0x00007cf8        0x8 ./startup/startup_mk64f12.o
                0x00007cf8                I2C0_IRQHandler
 .text.I2C1_IRQHandler
                0x00007d00        0x8 ./startup/startup_mk64f12.o
                0x00007d00                I2C1_IRQHandler
 .text.SPI0_IRQHandler
                0x00007d08        0x8 ./startup/startup_mk64f12.o
                0x00007d08                SPI0_IRQHandler
 .text.SPI1_IRQHandler
                0x00007d10        0x8 ./startup/startup_mk64f12.o
                0x00007d10                SPI1_IRQHandler
 .text.I2S0_Tx_IRQHandler
                0x00007d18        0x8 ./startup/startup_mk64f12.o
                0x00007d18                I2S0_Tx_IRQHandler
 .text.I2S0_Rx_IRQHandler
                0x00007d20        0x8 ./startup/startup_mk64f12.o
                0x00007d20                I2S0_Rx_IRQHandler
 .text.UART0_LON_IRQHandler
                0x00007d28        0x8 ./startup/startup_mk64f12.o
                0x00007d28                UART0_LON_IRQHandler
 .text.UART0_RX_TX_IRQHandler
                0x00007d30        0x8 ./startup/startup_mk64f12.o
                0x00007d30                UART0_RX_TX_IRQHandler
 .text.UART0_ERR_IRQHandler
                0x00007d38        0x8 ./startup/startup_mk64f12.o
                0x00007d38                UART0_ERR_IRQHandler
 .text.UART1_RX_TX_IRQHandler
                0x00007d40        0x8 ./startup/startup_mk64f12.o
                0x00007d40                UART1_RX_TX_IRQHandler
 .text.UART1_ERR_IRQHandler
                0x00007d48        0x8 ./startup/startup_mk64f12.o
                0x00007d48                UART1_ERR_IRQHandler
 .text.UART2_RX_TX_IRQHandler
                0x00007d50        0x8 ./startup/startup_mk64f12.o
                0x00007d50                UART2_RX_TX_IRQHandler
 .text.UART2_ERR_IRQHandler
                0x00007d58        0x8 ./startup/startup_mk64f12.o
                0x00007d58                UART2_ERR_IRQHandler
 .text.UART3_RX_TX_IRQHandler
                0x00007d60        0x8 ./startup/startup_mk64f12.o
                0x00007d60                UART3_RX_TX_IRQHandler
 .text.UART3_ERR_IRQHandler
                0x00007d68        0x8 ./startup/startup_mk64f12.o
                0x00007d68                UART3_ERR_IRQHandler
 .text.CMP0_IRQHandler
                0x00007d70        0x8 ./startup/startup_mk64f12.o
                0x00007d70                CMP0_IRQHandler
 .text.CMP1_IRQHandler
                0x00007d78        0x8 ./startup/startup_mk64f12.o
                0x00007d78                CMP1_IRQHandler
 .text.FTM0_IRQHandler
                0x00007d80        0x8 ./startup/startup_mk64f12.o
                0x00007d80                FTM0_IRQHandler
 .text.FTM1_IRQHandler
                0x00007d88        0x8 ./startup/startup_mk64f12.o
                0x00007d88                FTM1_IRQHandler
 .text.FTM2_IRQHandler
                0x00007d90        0x8 ./startup/startup_mk64f12.o
                0x00007d90                FTM2_IRQHandler
 .text.CMT_IRQHandler
                0x00007d98        0x8 ./startup/startup_mk64f12.o
                0x00007d98                CMT_IRQHandler
 .text.RTC_IRQHandler
                0x00007da0        0x8 ./startup/startup_mk64f12.o
                0x00007da0                RTC_IRQHandler
 .text.RTC_Seconds_IRQHandler
                0x00007da8        0x8 ./startup/startup_mk64f12.o
                0x00007da8                RTC_Seconds_IRQHandler
 .text.PIT1_IRQHandler
                0x00007db0        0x8 ./startup/startup_mk64f12.o
                0x00007db0                PIT1_IRQHandler
 .text.PIT2_IRQHandler
                0x00007db8        0x8 ./startup/startup_mk64f12.o
                0x00007db8                PIT2_IRQHandler
 .text.PIT3_IRQHandler
                0x00007dc0        0x8 ./startup/startup_mk64f12.o
                0x00007dc0                PIT3_IRQHandler
 .text.PDB0_IRQHandler
                0x00007dc8        0x8 ./startup/startup_mk64f12.o
                0x00007dc8                PDB0_IRQHandler
 .text.USB0_IRQHandler
                0x00007dd0        0x8 ./startup/startup_mk64f12.o
                0x00007dd0                USB0_IRQHandler
 .text.USBDCD_IRQHandler
                0x00007dd8        0x8 ./startup/startup_mk64f12.o
                0x00007dd8                USBDCD_IRQHandler
 .text.Reserved71_IRQHandler
                0x00007de0        0x8 ./startup/startup_mk64f12.o
                0x00007de0                Reserved71_IRQHandler
 .text.DAC0_IRQHandler
                0x00007de8        0x8 ./startup/startup_mk64f12.o
                0x00007de8                DAC0_IRQHandler
 .text.MCG_IRQHandler
                0x00007df0        0x8 ./startup/startup_mk64f12.o
                0x00007df0                MCG_IRQHandler
 .text.LPTMR0_IRQHandler
                0x00007df8        0x8 ./startup/startup_mk64f12.o
                0x00007df8                LPTMR0_IRQHandler
 .text.PORTB_IRQHandler
                0x00007e00        0x8 ./startup/startup_mk64f12.o
                0x00007e00                PORTB_IRQHandler
 .text.PORTD_IRQHandler
                0x00007e08        0x8 ./startup/startup_mk64f12.o
                0x00007e08                PORTD_IRQHandler
 .text.PORTE_IRQHandler
                0x00007e10        0x8 ./startup/startup_mk64f12.o
                0x00007e10                PORTE_IRQHandler
 .text.SWI_IRQHandler
                0x00007e18        0x8 ./startup/startup_mk64f12.o
                0x00007e18                SWI_IRQHandler
 .text.SPI2_IRQHandler
                0x00007e20        0x8 ./startup/startup_mk64f12.o
                0x00007e20                SPI2_IRQHandler
 .text.UART4_RX_TX_IRQHandler
                0x00007e28        0x8 ./startup/startup_mk64f12.o
                0x00007e28                UART4_RX_TX_IRQHandler
 .text.UART4_ERR_IRQHandler
                0x00007e30        0x8 ./startup/startup_mk64f12.o
                0x00007e30                UART4_ERR_IRQHandler
 .text.UART5_RX_TX_IRQHandler
                0x00007e38        0x8 ./startup/startup_mk64f12.o
                0x00007e38                UART5_RX_TX_IRQHandler
 .text.UART5_ERR_IRQHandler
                0x00007e40        0x8 ./startup/startup_mk64f12.o
                0x00007e40                UART5_ERR_IRQHandler
 .text.CMP2_IRQHandler
                0x00007e48        0x8 ./startup/startup_mk64f12.o
                0x00007e48                CMP2_IRQHandler
 .text.FTM3_IRQHandler
                0x00007e50        0x8 ./startup/startup_mk64f12.o
                0x00007e50                FTM3_IRQHandler
 .text.DAC1_IRQHandler
                0x00007e58        0x8 ./startup/startup_mk64f12.o
                0x00007e58                DAC1_IRQHandler
 .text.ADC1_IRQHandler
                0x00007e60        0x8 ./startup/startup_mk64f12.o
                0x00007e60                ADC1_IRQHandler
 .text.I2C2_IRQHandler
                0x00007e68        0x8 ./startup/startup_mk64f12.o
                0x00007e68                I2C2_IRQHandler
 .text.CAN0_ORed_Message_buffer_IRQHandler
                0x00007e70        0x8 ./startup/startup_mk64f12.o
                0x00007e70                CAN0_ORed_Message_buffer_IRQHandler
 .text.CAN0_Bus_Off_IRQHandler
                0x00007e78        0x8 ./startup/startup_mk64f12.o
                0x00007e78                CAN0_Bus_Off_IRQHandler
 .text.CAN0_Error_IRQHandler
                0x00007e80        0x8 ./startup/startup_mk64f12.o
                0x00007e80                CAN0_Error_IRQHandler
 .text.CAN0_Tx_Warning_IRQHandler
                0x00007e88        0x8 ./startup/startup_mk64f12.o
                0x00007e88                CAN0_Tx_Warning_IRQHandler
 .text.CAN0_Rx_Warning_IRQHandler
                0x00007e90        0x8 ./startup/startup_mk64f12.o
                0x00007e90                CAN0_Rx_Warning_IRQHandler
 .text.CAN0_Wake_Up_IRQHandler
                0x00007e98        0x8 ./startup/startup_mk64f12.o
                0x00007e98                CAN0_Wake_Up_IRQHandler
 .text.SDHC_IRQHandler
                0x00007ea0        0x8 ./startup/startup_mk64f12.o
                0x00007ea0                SDHC_IRQHandler
 .text.ENET_1588_Timer_IRQHandler
                0x00007ea8        0x8 ./startup/startup_mk64f12.o
                0x00007ea8                ENET_1588_Timer_IRQHandler
 .text.ENET_Transmit_IRQHandler
                0x00007eb0        0x8 ./startup/startup_mk64f12.o
                0x00007eb0                ENET_Transmit_IRQHandler
 .text.ENET_Receive_IRQHandler
                0x00007eb8        0x8 ./startup/startup_mk64f12.o
                0x00007eb8                ENET_Receive_IRQHandler
 .text.ENET_Error_IRQHandler
                0x00007ec0        0x8 ./startup/startup_mk64f12.o
                0x00007ec0                ENET_Error_IRQHandler
 .text.GPIO_PortSet
                0x00007ec8       0x1c ./source/Lab_01_VelezNicolas.o
 .text.GPIO_PortClear
                0x00007ee4       0x1c ./source/Lab_01_VelezNicolas.o
 .text.PIT_GetStatusFlags
                0x00007f00       0x2a ./source/Lab_01_VelezNicolas.o
 .text.PIT_ClearStatusFlags
                0x00007f2a       0x2a ./source/Lab_01_VelezNicolas.o
 .text.PIT_StartTimer
                0x00007f54       0x38 ./source/Lab_01_VelezNicolas.o
 .text.PIT_StopTimer
                0x00007f8c       0x38 ./source/Lab_01_VelezNicolas.o
 .text.HardFault_Handler
                0x00007fc4       0x2c ./source/semihost_hardfault.o
                0x00007fc4                HardFault_Handler
 .text.CLOCK_EnableClock
                0x00007ff0       0x34 ./drivers/fsl_adc16.o
 .text.ADC16_SetChannelMuxMode
                0x00008024       0x38 ./drivers/fsl_adc16.o
                0x00008024                ADC16_SetChannelMuxMode
 .text.ADC16_SetHardwareAverage
                0x0000805c       0x3e ./drivers/fsl_adc16.o
                0x0000805c                ADC16_SetHardwareAverage
 .text.CLOCK_EnableClock
                0x0000809a       0x34 ./drivers/fsl_clock.o
 .text.CLOCK_DisableClock
                0x000080ce       0x38 ./drivers/fsl_clock.o
 .text.OSC_SetExtRefClkConfig
                0x00008106       0x34 ./drivers/fsl_clock.o
 .text.OSC_SetCapLoad
                0x0000813a       0x34 ./drivers/fsl_clock.o
 .text.CLOCK_GetPll0RefFreq
                0x0000816e        0xe ./drivers/fsl_clock.o
 .text.CLOCK_GetFixedFreqClkFreq
                0x0000817c       0x34 ./drivers/fsl_clock.o
                0x0000817c                CLOCK_GetFixedFreqClkFreq
 .text.CLOCK_EnableClock
                0x000081b0       0x34 ./drivers/fsl_dac.o
 .text.GPIO_PinWrite
                0x000081e4       0x36 ./drivers/fsl_gpio.o
 .text.CLOCK_EnableClock
                0x0000821a       0x34 ./drivers/fsl_pit.o
 .text.CLOCK_EnableClock
                0x0000824e       0x34 ./drivers/fsl_uart.o
 .text.UART_WriteBlocking
                0x00008282       0x50 ./drivers/fsl_uart.o
                0x00008282                UART_WriteBlocking
 .text.UART0_RX_TX_DriverIRQHandler
                0x000082d2       0x12 ./drivers/fsl_uart.o
                0x000082d2                UART0_RX_TX_DriverIRQHandler
 .text.UART1_RX_TX_DriverIRQHandler
                0x000082e4       0x12 ./drivers/fsl_uart.o
                0x000082e4                UART1_RX_TX_DriverIRQHandler
 .text.UART2_RX_TX_DriverIRQHandler
                0x000082f6       0x12 ./drivers/fsl_uart.o
                0x000082f6                UART2_RX_TX_DriverIRQHandler
 .text.UART3_RX_TX_DriverIRQHandler
                0x00008308       0x12 ./drivers/fsl_uart.o
                0x00008308                UART3_RX_TX_DriverIRQHandler
 .text.UART4_RX_TX_DriverIRQHandler
                0x0000831a       0x12 ./drivers/fsl_uart.o
                0x0000831a                UART4_RX_TX_DriverIRQHandler
 .text.UART5_RX_TX_DriverIRQHandler
                0x0000832c       0x12 ./drivers/fsl_uart.o
                0x0000832c                UART5_RX_TX_DriverIRQHandler
 .text.SystemInitHook
                0x0000833e        0xe ./device/system_MK64F12.o
                0x0000833e                SystemInitHook
 .text.HAL_UartGetStatus
                0x0000834c       0x22 ./component/uart/fsl_adapter_uart.o
 .text.DisableGlobalIRQ
                0x0000836e       0x22 ./component/serial_manager/fsl_component_serial_manager.o
 .text.EnableGlobalIRQ
                0x00008390       0x20 ./component/serial_manager/fsl_component_serial_manager.o
 .text.SerialManager_StartWriting
                0x000083b0       0x38 ./component/serial_manager/fsl_component_serial_manager.o
 .text.SerialManager_Write
                0x000083e8       0x44 ./component/serial_manager/fsl_component_serial_manager.o
 .text.SerialManager_Init
                0x0000842c       0x60 ./component/serial_manager/fsl_component_serial_manager.o
                0x0000842c                SerialManager_Init
 .text.SerialManager_OpenWriteHandle
                0x0000848c       0x50 ./component/serial_manager/fsl_component_serial_manager.o
                0x0000848c                SerialManager_OpenWriteHandle
 .text.SerialManager_OpenReadHandle
                0x000084dc       0x60 ./component/serial_manager/fsl_component_serial_manager.o
                0x000084dc                SerialManager_OpenReadHandle
 .text.SerialManager_WriteBlocking
                0x0000853c       0x20 ./component/serial_manager/fsl_component_serial_manager.o
                0x0000853c                SerialManager_WriteBlocking
 .text.Serial_UartInit
                0x0000855c       0x3e ./component/serial_manager/fsl_component_serial_port_uart.o
                0x0000855c                Serial_UartInit
 .text.Serial_UartWrite
                0x0000859a       0x38 ./component/serial_manager/fsl_component_serial_port_uart.o
                0x0000859a                Serial_UartWrite
 .text.BOARD_InitDebugConsole
                0x000085d2       0x22 ./board/board.o
                0x000085d2                BOARD_InitDebugConsole
 .text.BOARD_InitBootClocks
                0x000085f4        0xc ./board/clock_config.o
                0x000085f4                BOARD_InitBootClocks
 .text.EnableIRQ
                0x00008600       0x32 ./board/peripherals.o
 .text.ADC16_EnableHardwareTrigger
                0x00008632       0x38 ./board/peripherals.o
 .text.PIT_EnableInterrupts
                0x0000866a       0x3a ./board/peripherals.o
 .text.PIT_StartTimer
                0x000086a4       0x38 ./board/peripherals.o
 .text.DAC_Enable
                0x000086dc       0x48 ./board/peripherals.o
 .text.GPIOC_init
                0x00008724        0xe ./board/peripherals.o
 .text.GPIOA_init
                0x00008732        0xe ./board/peripherals.o
 .text.BOARD_InitPeripherals
                0x00008740       0x1c ./board/peripherals.o
                0x00008740                BOARD_InitPeripherals
 .text.BOARD_InitBootPeripherals
                0x0000875c        0xc ./board/peripherals.o
                0x0000875c                BOARD_InitBootPeripherals
 .text.CLOCK_EnableClock
                0x00008768       0x34 ./board/pin_mux.o
 .text.PORT_SetPinMux
                0x0000879c       0x3a ./board/pin_mux.o
 .text.PORT_SetPinInterruptConfig
                0x000087d6       0x3a ./board/pin_mux.o
 .text.BOARD_InitBootPins
                0x00008810       0x10 ./board/pin_mux.o
                0x00008810                BOARD_InitBootPins
 .text.memcpy   0x00008820       0x1c c:/nxp/mcuxpressoide_11.6.0_8187/ide/plugins/com.nxp.mcuxpresso.tools.win32_11.6.0.202112161359/tools/bin/../lib/gcc/arm-none-eabi/10.3.1/../../../../arm-none-eabi/lib/thumb/v7e-m+fp/hard\libc_nano.a(lib_a-memcpy-stub.o)
                0x00008820                memcpy
 .text.memset   0x0000883c       0x10 c:/nxp/mcuxpressoide_11.6.0_8187/ide/plugins/com.nxp.mcuxpresso.tools.win32_11.6.0.202112161359/tools/bin/../lib/gcc/arm-none-eabi/10.3.1/../../../../arm-none-eabi/lib/thumb/v7e-m+fp/hard\libc_nano.a(lib_a-memset.o)
                0x0000883c                memset
 .text.__sfputc_r
                0x0000884c       0x2e c:/nxp/mcuxpressoide_11.6.0_8187/ide/plugins/com.nxp.mcuxpresso.tools.win32_11.6.0.202112161359/tools/bin/../lib/gcc/arm-none-eabi/10.3.1/../../../../arm-none-eabi/lib/thumb/v7e-m+fp/hard\libc_nano.a(lib_a-nano-vfprintf.o)
 .text.__sfputs_r
                0x0000887a       0x24 c:/nxp/mcuxpressoide_11.6.0_8187/ide/plugins/com.nxp.mcuxpresso.tools.win32_11.6.0.202112161359/tools/bin/../lib/gcc/arm-none-eabi/10.3.1/../../../../arm-none-eabi/lib/thumb/v7e-m+fp/hard\libc_nano.a(lib_a-nano-vfprintf.o)
                0x0000887a                __sfputs_r
 .text.__cvt    0x0000889e       0xc4 c:/nxp/mcuxpressoide_11.6.0_8187/ide/plugins/com.nxp.mcuxpresso.tools.win32_11.6.0.202112161359/tools/bin/../lib/gcc/arm-none-eabi/10.3.1/../../../../arm-none-eabi/lib/thumb/v7e-m+fp/hard\libc_nano.a(lib_a-nano-vfprintf_float.o)
                0x0000889e                __cvt
 .text.__exponent
                0x00008962       0x7c c:/nxp/mcuxpressoide_11.6.0_8187/ide/plugins/com.nxp.mcuxpresso.tools.win32_11.6.0.202112161359/tools/bin/../lib/gcc/arm-none-eabi/10.3.1/../../../../arm-none-eabi/lib/thumb/v7e-m+fp/hard\libc_nano.a(lib_a-nano-vfprintf_float.o)
                0x00008962                __exponent
 .text._printf_common
                0x000089de       0xda c:/nxp/mcuxpressoide_11.6.0_8187/ide/plugins/com.nxp.mcuxpresso.tools.win32_11.6.0.202112161359/tools/bin/../lib/gcc/arm-none-eabi/10.3.1/../../../../arm-none-eabi/lib/thumb/v7e-m+fp/hard\libc_nano.a(lib_a-nano-vfprintf_i.o)
                0x000089de                _printf_common
 .text          0x00008ab8       0x10 c:/nxp/mcuxpressoide_11.6.0_8187/ide/plugins/com.nxp.mcuxpresso.tools.win32_11.6.0.202112161359/tools/bin/../lib/gcc/arm-none-eabi/10.3.1/../../../../arm-none-eabi/lib/thumb/v7e-m+fp/hard\libc_nano.a(lib_a-strlen.o)
                0x00008ab8                strlen
 .text.sulp     0x00008ac8       0x38 c:/nxp/mcuxpressoide_11.6.0_8187/ide/plugins/com.nxp.mcuxpresso.tools.win32_11.6.0.202112161359/tools/bin/../lib/gcc/arm-none-eabi/10.3.1/../../../../arm-none-eabi/lib/thumb/v7e-m+fp/hard\libc_nano.a(lib_a-strtod.o)
 .text._strtol_r
                0x00008b00        0x4 c:/nxp/mcuxpressoide_11.6.0_8187/ide/plugins/com.nxp.mcuxpresso.tools.win32_11.6.0.202112161359/tools/bin/../lib/gcc/arm-none-eabi/10.3.1/../../../../arm-none-eabi/lib/thumb/v7e-m+fp/hard\libc_nano.a(lib_a-strtol.o)
                0x00008b00                _strtol_r
 .text.abort    0x00008b04        0xe c:/nxp/mcuxpressoide_11.6.0_8187/ide/plugins/com.nxp.mcuxpresso.tools.win32_11.6.0.202112161359/tools/bin/../lib/gcc/arm-none-eabi/10.3.1/../../../../arm-none-eabi/lib/thumb/v7e-m+fp/hard\libc_nano.a(lib_a-abort.o)
                0x00008b04                abort
 .text.quorem   0x00008b12      0x116 c:/nxp/mcuxpressoide_11.6.0_8187/ide/plugins/com.nxp.mcuxpresso.tools.win32_11.6.0.202112161359/tools/bin/../lib/gcc/arm-none-eabi/10.3.1/../../../../arm-none-eabi/lib/thumb/v7e-m+fp/hard\libc_nano.a(lib_a-dtoa.o)
 .text.__sfmoreglue
                0x00008c28       0x2c c:/nxp/mcuxpressoide_11.6.0_8187/ide/plugins/com.nxp.mcuxpresso.tools.win32_11.6.0.202112161359/tools/bin/../lib/gcc/arm-none-eabi/10.3.1/../../../../arm-none-eabi/lib/thumb/v7e-m+fp/hard\libc_nano.a(lib_a-findfp.o)
                0x00008c28                __sfmoreglue
 .text._fwalk_reent
                0x00008c54       0x3e c:/nxp/mcuxpressoide_11.6.0_8187/ide/plugins/com.nxp.mcuxpresso.tools.win32_11.6.0.202112161359/tools/bin/../lib/gcc/arm-none-eabi/10.3.1/../../../../arm-none-eabi/lib/thumb/v7e-m+fp/hard\libc_nano.a(lib_a-fwalk.o)
                0x00008c54                _fwalk_reent
 .text.rshift   0x00008c92       0xa4 c:/nxp/mcuxpressoide_11.6.0_8187/ide/plugins/com.nxp.mcuxpresso.tools.win32_11.6.0.202112161359/tools/bin/../lib/gcc/arm-none-eabi/10.3.1/../../../../arm-none-eabi/lib/thumb/v7e-m+fp/hard\libc_nano.a(lib_a-gdtoa-gethex.o)
 .text.__hexdig_fun
                0x00008d36       0x2a c:/nxp/mcuxpressoide_11.6.0_8187/ide/plugins/com.nxp.mcuxpresso.tools.win32_11.6.0.202112161359/tools/bin/../lib/gcc/arm-none-eabi/10.3.1/../../../../arm-none-eabi/lib/thumb/v7e-m+fp/hard\libc_nano.a(lib_a-gdtoa-gethex.o)
                0x00008d36                __hexdig_fun
 .text.L_shift  0x00008d60       0x24 c:/nxp/mcuxpressoide_11.6.0_8187/ide/plugins/com.nxp.mcuxpresso.tools.win32_11.6.0.202112161359/tools/bin/../lib/gcc/arm-none-eabi/10.3.1/../../../../arm-none-eabi/lib/thumb/v7e-m+fp/hard\libc_nano.a(lib_a-gdtoa-hexnan.o)
 .text.__match  0x00008d84       0x28 c:/nxp/mcuxpressoide_11.6.0_8187/ide/plugins/com.nxp.mcuxpresso.tools.win32_11.6.0.202112161359/tools/bin/../lib/gcc/arm-none-eabi/10.3.1/../../../../arm-none-eabi/lib/thumb/v7e-m+fp/hard\libc_nano.a(lib_a-gdtoa-hexnan.o)
                0x00008d84                __match
 .text.__hexnan
                0x00008dac      0x138 c:/nxp/mcuxpressoide_11.6.0_8187/ide/plugins/com.nxp.mcuxpresso.tools.win32_11.6.0.202112161359/tools/bin/../lib/gcc/arm-none-eabi/10.3.1/../../../../arm-none-eabi/lib/thumb/v7e-m+fp/hard\libc_nano.a(lib_a-gdtoa-hexnan.o)
                0x00008dac                __hexnan
 .text.__retarget_lock_init_recursive
                0x00008ee4        0x2 c:/nxp/mcuxpressoide_11.6.0_8187/ide/plugins/com.nxp.mcuxpresso.tools.win32_11.6.0.202112161359/tools/bin/../lib/gcc/arm-none-eabi/10.3.1/../../../../arm-none-eabi/lib/thumb/v7e-m+fp/hard\libc_nano.a(lib_a-lock.o)
                0x00008ee4                __retarget_lock_init_recursive
 .text.__retarget_lock_acquire_recursive
                0x00008ee6        0x2 c:/nxp/mcuxpressoide_11.6.0_8187/ide/plugins/com.nxp.mcuxpresso.tools.win32_11.6.0.202112161359/tools/bin/../lib/gcc/arm-none-eabi/10.3.1/../../../../arm-none-eabi/lib/thumb/v7e-m+fp/hard\libc_nano.a(lib_a-lock.o)
                0x00008ee6                __retarget_lock_acquire_recursive
 .text.__retarget_lock_release_recursive
                0x00008ee8        0x2 c:/nxp/mcuxpressoide_11.6.0_8187/ide/plugins/com.nxp.mcuxpresso.tools.win32_11.6.0.202112161359/tools/bin/../lib/gcc/arm-none-eabi/10.3.1/../../../../arm-none-eabi/lib/thumb/v7e-m+fp/hard\libc_nano.a(lib_a-lock.o)
                0x00008ee8                __retarget_lock_release_recursive
 .text.__swhatbuf_r
                0x00008eea       0x4a c:/nxp/mcuxpressoide_11.6.0_8187/ide/plugins/com.nxp.mcuxpresso.tools.win32_11.6.0.202112161359/tools/bin/../lib/gcc/arm-none-eabi/10.3.1/../../../../arm-none-eabi/lib/thumb/v7e-m+fp/hard\libc_nano.a(lib_a-makebuf.o)
                0x00008eea                __swhatbuf_r
 .text.__ascii_mbtowc
                0x00008f34       0x24 c:/nxp/mcuxpressoide_11.6.0_8187/ide/plugins/com.nxp.mcuxpresso.tools.win32_11.6.0.202112161359/tools/bin/../lib/gcc/arm-none-eabi/10.3.1/../../../../arm-none-eabi/lib/thumb/v7e-m+fp/hard\libc_nano.a(lib_a-mbtowc_r.o)
                0x00008f34                __ascii_mbtowc
 .text.memmove  0x00008f58       0x34 c:/nxp/mcuxpressoide_11.6.0_8187/ide/plugins/com.nxp.mcuxpresso.tools.win32_11.6.0.202112161359/tools/bin/../lib/gcc/arm-none-eabi/10.3.1/../../../../arm-none-eabi/lib/thumb/v7e-m+fp/hard\libc_nano.a(lib_a-memmove.o)
                0x00008f58                memmove
 .text.__hi0bits
                0x00008f8c       0x40 c:/nxp/mcuxpressoide_11.6.0_8187/ide/plugins/com.nxp.mcuxpresso.tools.win32_11.6.0.202112161359/tools/bin/../lib/gcc/arm-none-eabi/10.3.1/../../../../arm-none-eabi/lib/thumb/v7e-m+fp/hard\libc_nano.a(lib_a-mprec.o)
                0x00008f8c                __hi0bits
 .text.__lo0bits
                0x00008fcc       0x5e c:/nxp/mcuxpressoide_11.6.0_8187/ide/plugins/com.nxp.mcuxpresso.tools.win32_11.6.0.202112161359/tools/bin/../lib/gcc/arm-none-eabi/10.3.1/../../../../arm-none-eabi/lib/thumb/v7e-m+fp/hard\libc_nano.a(lib_a-mprec.o)
                0x00008fcc                __lo0bits
 .text.__mcmp   0x0000902a       0x38 c:/nxp/mcuxpressoide_11.6.0_8187/ide/plugins/com.nxp.mcuxpresso.tools.win32_11.6.0.202112161359/tools/bin/../lib/gcc/arm-none-eabi/10.3.1/../../../../arm-none-eabi/lib/thumb/v7e-m+fp/hard\libc_nano.a(lib_a-mprec.o)
                0x0000902a                __mcmp
 .text.__ratio  0x00009062       0x66 c:/nxp/mcuxpressoide_11.6.0_8187/ide/plugins/com.nxp.mcuxpresso.tools.win32_11.6.0.202112161359/tools/bin/../lib/gcc/arm-none-eabi/10.3.1/../../../../arm-none-eabi/lib/thumb/v7e-m+fp/hard\libc_nano.a(lib_a-mprec.o)
                0x00009062                __ratio
 .text.__copybits
                0x000090c8       0x46 c:/nxp/mcuxpressoide_11.6.0_8187/ide/plugins/com.nxp.mcuxpresso.tools.win32_11.6.0.202112161359/tools/bin/../lib/gcc/arm-none-eabi/10.3.1/../../../../arm-none-eabi/lib/thumb/v7e-m+fp/hard\libc_nano.a(lib_a-mprec.o)
                0x000090c8                __copybits
 .text.__any_on
                0x0000910e       0x42 c:/nxp/mcuxpressoide_11.6.0_8187/ide/plugins/com.nxp.mcuxpresso.tools.win32_11.6.0.202112161359/tools/bin/../lib/gcc/arm-none-eabi/10.3.1/../../../../arm-none-eabi/lib/thumb/v7e-m+fp/hard\libc_nano.a(lib_a-mprec.o)
                0x0000910e                __any_on
 .text._calloc_r
                0x00009150       0x2c c:/nxp/mcuxpressoide_11.6.0_8187/ide/plugins/com.nxp.mcuxpresso.tools.win32_11.6.0.202112161359/tools/bin/../lib/gcc/arm-none-eabi/10.3.1/../../../../arm-none-eabi/lib/thumb/v7e-m+fp/hard\libc_nano.a(lib_a-nano-callocr.o)
                0x00009150                _calloc_r
 .text._realloc_r
                0x0000917c       0x5e c:/nxp/mcuxpressoide_11.6.0_8187/ide/plugins/com.nxp.mcuxpresso.tools.win32_11.6.0.202112161359/tools/bin/../lib/gcc/arm-none-eabi/10.3.1/../../../../arm-none-eabi/lib/thumb/v7e-m+fp/hard\libc_nano.a(lib_a-nano-reallocr.o)
                0x0000917c                _realloc_r
 .text.__ssputs_r
                0x000091da       0xb6 c:/nxp/mcuxpressoide_11.6.0_8187/ide/plugins/com.nxp.mcuxpresso.tools.win32_11.6.0.202112161359/tools/bin/../lib/gcc/arm-none-eabi/10.3.1/../../../../arm-none-eabi/lib/thumb/v7e-m+fp/hard\libc_nano.a(lib_a-nano-svfprintf.o)
                0x000091da                __ssputs_r
 .text._raise_r
                0x00009290       0x50 c:/nxp/mcuxpressoide_11.6.0_8187/ide/plugins/com.nxp.mcuxpresso.tools.win32_11.6.0.202112161359/tools/bin/../lib/gcc/arm-none-eabi/10.3.1/../../../../arm-none-eabi/lib/thumb/v7e-m+fp/hard\libc_nano.a(lib_a-signal.o)
                0x00009290                _raise_r
 .text._getpid_r
                0x000092e0        0x4 c:/nxp/mcuxpressoide_11.6.0_8187/ide/plugins/com.nxp.mcuxpresso.tools.win32_11.6.0.202112161359/tools/bin/../lib/gcc/arm-none-eabi/10.3.1/../../../../arm-none-eabi/lib/thumb/v7e-m+fp/hard\libc_nano.a(lib_a-signalr.o)
                0x000092e0                _getpid_r
 .text.__sread  0x000092e4       0x22 c:/nxp/mcuxpressoide_11.6.0_8187/ide/plugins/com.nxp.mcuxpresso.tools.win32_11.6.0.202112161359/tools/bin/../lib/gcc/arm-none-eabi/10.3.1/../../../../arm-none-eabi/lib/thumb/v7e-m+fp/hard\libc_nano.a(lib_a-stdio.o)
                0x000092e4                __sread
 .text.__swrite
                0x00009306       0x38 c:/nxp/mcuxpressoide_11.6.0_8187/ide/plugins/com.nxp.mcuxpresso.tools.win32_11.6.0.202112161359/tools/bin/../lib/gcc/arm-none-eabi/10.3.1/../../../../arm-none-eabi/lib/thumb/v7e-m+fp/hard\libc_nano.a(lib_a-stdio.o)
                0x00009306                __swrite
 .text.__sseek  0x0000933e       0x24 c:/nxp/mcuxpressoide_11.6.0_8187/ide/plugins/com.nxp.mcuxpresso.tools.win32_11.6.0.202112161359/tools/bin/../lib/gcc/arm-none-eabi/10.3.1/../../../../arm-none-eabi/lib/thumb/v7e-m+fp/hard\libc_nano.a(lib_a-stdio.o)
                0x0000933e                __sseek
 .text.__sclose
                0x00009362        0x8 c:/nxp/mcuxpressoide_11.6.0_8187/ide/plugins/com.nxp.mcuxpresso.tools.win32_11.6.0.202112161359/tools/bin/../lib/gcc/arm-none-eabi/10.3.1/../../../../arm-none-eabi/lib/thumb/v7e-m+fp/hard\libc_nano.a(lib_a-stdio.o)
                0x00009362                __sclose
 .text.strncmp  0x0000936a       0x28 c:/nxp/mcuxpressoide_11.6.0_8187/ide/plugins/com.nxp.mcuxpresso.tools.win32_11.6.0.202112161359/tools/bin/../lib/gcc/arm-none-eabi/10.3.1/../../../../arm-none-eabi/lib/thumb/v7e-m+fp/hard\libc_nano.a(lib_a-strncmp.o)
                0x0000936a                strncmp
 .text.__ascii_wctomb
                0x00009392       0x1a c:/nxp/mcuxpressoide_11.6.0_8187/ide/plugins/com.nxp.mcuxpresso.tools.win32_11.6.0.202112161359/tools/bin/../lib/gcc/arm-none-eabi/10.3.1/../../../../arm-none-eabi/lib/thumb/v7e-m+fp/hard\libc_nano.a(lib_a-wctomb_r.o)
                0x00009392                __ascii_wctomb
 .text._malloc_usable_size_r
                0x000093ac       0x10 c:/nxp/mcuxpressoide_11.6.0_8187/ide/plugins/com.nxp.mcuxpresso.tools.win32_11.6.0.202112161359/tools/bin/../lib/gcc/arm-none-eabi/10.3.1/../../../../arm-none-eabi/lib/thumb/v7e-m+fp/hard\libc_nano.a(lib_a-nano-msizer.o)
                0x000093ac                _malloc_usable_size_r
 .text._exit    0x000093bc        0x8 c:/nxp/mcuxpressoide_11.6.0_8187/ide/plugins/com.nxp.mcuxpresso.tools.win32_11.6.0.202112161359/tools/bin/../lib/gcc/arm-none-eabi/10.3.1/../../../../arm-none-eabi/lib/thumb/v7e-m+fp/hard\libcr_newlib_semihost.a(_exit.o)
                0x000093bc                _exit
 .text.error    0x000093c4       0x1c c:/nxp/mcuxpressoide_11.6.0_8187/ide/plugins/com.nxp.mcuxpresso.tools.win32_11.6.0.202112161359/tools/bin/../lib/gcc/arm-none-eabi/10.3.1/../../../../arm-none-eabi/lib/thumb/v7e-m+fp/hard\libcr_newlib_semihost.a(syscalls.o)
 .text.checkerror
                0x000093e0        0xa c:/nxp/mcuxpressoide_11.6.0_8187/ide/plugins/com.nxp.mcuxpresso.tools.win32_11.6.0.202112161359/tools/bin/../lib/gcc/arm-none-eabi/10.3.1/../../../../arm-none-eabi/lib/thumb/v7e-m+fp/hard\libcr_newlib_semihost.a(syscalls.o)
 .text._swiread
                0x000093ea       0x20 c:/nxp/mcuxpressoide_11.6.0_8187/ide/plugins/com.nxp.mcuxpresso.tools.win32_11.6.0.202112161359/tools/bin/../lib/gcc/arm-none-eabi/10.3.1/../../../../arm-none-eabi/lib/thumb/v7e-m+fp/hard\libcr_newlib_semihost.a(syscalls.o)
                0x000093ea                _swiread
 .text._read    0x0000940a       0x36 c:/nxp/mcuxpressoide_11.6.0_8187/ide/plugins/com.nxp.mcuxpresso.tools.win32_11.6.0.202112161359/tools/bin/../lib/gcc/arm-none-eabi/10.3.1/../../../../arm-none-eabi/lib/thumb/v7e-m+fp/hard\libcr_newlib_semihost.a(syscalls.o)
                0x0000940a                _read
 .text._swilseek
                0x00009440       0x78 c:/nxp/mcuxpressoide_11.6.0_8187/ide/plugins/com.nxp.mcuxpresso.tools.win32_11.6.0.202112161359/tools/bin/../lib/gcc/arm-none-eabi/10.3.1/../../../../arm-none-eabi/lib/thumb/v7e-m+fp/hard\libcr_newlib_semihost.a(syscalls.o)
                0x00009440                _swilseek
 .text._lseek   0x000094b8        0x4 c:/nxp/mcuxpressoide_11.6.0_8187/ide/plugins/com.nxp.mcuxpresso.tools.win32_11.6.0.202112161359/tools/bin/../lib/gcc/arm-none-eabi/10.3.1/../../../../arm-none-eabi/lib/thumb/v7e-m+fp/hard\libcr_newlib_semihost.a(syscalls.o)
                0x000094b8                _lseek
 .text._swiwrite
                0x000094bc       0x20 c:/nxp/mcuxpressoide_11.6.0_8187/ide/plugins/com.nxp.mcuxpresso.tools.win32_11.6.0.202112161359/tools/bin/../lib/gcc/arm-none-eabi/10.3.1/../../../../arm-none-eabi/lib/thumb/v7e-m+fp/hard\libcr_newlib_semihost.a(syscalls.o)
                0x000094bc                _swiwrite
 .text._write   0x000094dc       0x44 c:/nxp/mcuxpressoide_11.6.0_8187/ide/plugins/com.nxp.mcuxpresso.tools.win32_11.6.0.202112161359/tools/bin/../lib/gcc/arm-none-eabi/10.3.1/../../../../arm-none-eabi/lib/thumb/v7e-m+fp/hard\libcr_newlib_semihost.a(syscalls.o)
                0x000094dc                _write
 .text._swiclose
                0x00009520       0x1a c:/nxp/mcuxpressoide_11.6.0_8187/ide/plugins/com.nxp.mcuxpresso.tools.win32_11.6.0.202112161359/tools/bin/../lib/gcc/arm-none-eabi/10.3.1/../../../../arm-none-eabi/lib/thumb/v7e-m+fp/hard\libcr_newlib_semihost.a(syscalls.o)
                0x00009520                _swiclose
 .text._getpid  0x0000953a        0x4 c:/nxp/mcuxpressoide_11.6.0_8187/ide/plugins/com.nxp.mcuxpresso.tools.win32_11.6.0.202112161359/tools/bin/../lib/gcc/arm-none-eabi/10.3.1/../../../../arm-none-eabi/lib/thumb/v7e-m+fp/hard\libcr_newlib_semihost.a(syscalls.o)
                0x0000953a                _getpid
 .text._swistat
                0x0000953e       0x42 c:/nxp/mcuxpressoide_11.6.0_8187/ide/plugins/com.nxp.mcuxpresso.tools.win32_11.6.0.202112161359/tools/bin/../lib/gcc/arm-none-eabi/10.3.1/../../../../arm-none-eabi/lib/thumb/v7e-m+fp/hard\libcr_newlib_semihost.a(syscalls.o)
                0x0000953e                _swistat
 .text._fstat   0x00009580       0x1c c:/nxp/mcuxpressoide_11.6.0_8187/ide/plugins/com.nxp.mcuxpresso.tools.win32_11.6.0.202112161359/tools/bin/../lib/gcc/arm-none-eabi/10.3.1/../../../../arm-none-eabi/lib/thumb/v7e-m+fp/hard\libcr_newlib_semihost.a(syscalls.o)
                0x00009580                _fstat
 .text._isatty  0x0000959c       0x2a c:/nxp/mcuxpressoide_11.6.0_8187/ide/plugins/com.nxp.mcuxpresso.tools.win32_11.6.0.202112161359/tools/bin/../lib/gcc/arm-none-eabi/10.3.1/../../../../arm-none-eabi/lib/thumb/v7e-m+fp/hard\libcr_newlib_semihost.a(syscalls.o)
                0x0000959c                _isatty
 *(SORT_BY_ALIGNMENT(.rodata) SORT_BY_ALIGNMENT(.rodata.*) SORT_BY_ALIGNMENT(.constdata) SORT_BY_ALIGNMENT(.constdata.*))
 *fill*         0x000095c6        0x2 ff
 .rodata.tinytens
                0x000095c8       0x28 c:/nxp/mcuxpressoide_11.6.0_8187/ide/plugins/com.nxp.mcuxpresso.tools.win32_11.6.0.202112161359/tools/bin/../lib/gcc/arm-none-eabi/10.3.1/../../../../arm-none-eabi/lib/thumb/v7e-m+fp/hard\libc_nano.a(lib_a-strtod.o)
 .rodata.__mprec_bigtens
                0x000095f0       0x28 c:/nxp/mcuxpressoide_11.6.0_8187/ide/plugins/com.nxp.mcuxpresso.tools.win32_11.6.0.202112161359/tools/bin/../lib/gcc/arm-none-eabi/10.3.1/../../../../arm-none-eabi/lib/thumb/v7e-m+fp/hard\libc_nano.a(lib_a-mprec.o)
                0x000095f0                __mprec_bigtens
 .rodata.__mprec_tens
                0x00009618       0xc8 c:/nxp/mcuxpressoide_11.6.0_8187/ide/plugins/com.nxp.mcuxpresso.tools.win32_11.6.0.202112161359/tools/bin/../lib/gcc/arm-none-eabi/10.3.1/../../../../arm-none-eabi/lib/thumb/v7e-m+fp/hard\libc_nano.a(lib_a-mprec.o)
                0x00009618                __mprec_tens
 .rodata.ADC16_GetChannelConversionValue.str1.4
                0x000096e0       0xbe ./source/Lab_01_VelezNicolas.o
 *fill*         0x0000979e        0x2 ff
 .rodata.PIT_SetTimerPeriod.str1.4
                0x000097a0       0x84 ./source/Lab_01_VelezNicolas.o
 .rodata.PORTA_IRQHandler.str1.4
                0x00009824       0x18 ./source/Lab_01_VelezNicolas.o
 .rodata.main.str1.4
                0x0000983c        0xe ./source/Lab_01_VelezNicolas.o
 *fill*         0x0000984a        0x2 ff
 .rodata.__func__.1
                0x0000984c       0x20 ./source/Lab_01_VelezNicolas.o
 .rodata.__func__.0
                0x0000986c       0x13 ./source/Lab_01_VelezNicolas.o
 *fill*         0x0000987f        0x1 ff
 .rodata.s_adc16Bases
                0x00009880        0x8 ./drivers/fsl_adc16.o
 .rodata.s_adc16Clocks
                0x00009888        0x8 ./drivers/fsl_adc16.o
 .rodata.ADC16_GetInstance.str1.4
                0x00009890       0x30 ./drivers/fsl_adc16.o
 .rodata.ADC16_Init.str1.4
                0x000098c0        0xf ./drivers/fsl_adc16.o
 *fill*         0x000098cf        0x1 ff
 .rodata.ADC16_SetChannelConfig.str1.4
                0x000098d0       0x1d ./drivers/fsl_adc16.o
 *fill*         0x000098ed        0x3 ff
 .rodata.__func__.5
                0x000098f0       0x12 ./drivers/fsl_adc16.o
 *fill*         0x00009902        0x2 ff
 .rodata.__func__.4
                0x00009904        0xb ./drivers/fsl_adc16.o
 *fill*         0x0000990f        0x1 ff
 .rodata.__func__.1
                0x00009910       0x17 ./drivers/fsl_adc16.o
 *fill*         0x00009927        0x1 ff
 .rodata.__func__.0
                0x00009928       0x1c ./drivers/fsl_adc16.o
 .rodata.CLOCK_GetMcgExtClkFreq.str1.4
                0x00009944       0x33 ./drivers/fsl_clock.o
 *fill*         0x00009977        0x1 ff
 .rodata.CLOCK_GetOsc0ErClkFreq.str1.4
                0x00009978        0xc ./drivers/fsl_clock.o
 .rodata.CLOCK_GetEr32kClkFreq.str1.4
                0x00009984        0xd ./drivers/fsl_clock.o
 *fill*         0x00009991        0x3 ff
 .rodata.CLOCK_GetPll0Freq.str1.4
                0x00009994        0xb ./drivers/fsl_clock.o
 .rodata.CLOCK_EnablePll0.str1.4
                0x0000999f        0xb ./drivers/fsl_clock.o
                                  0x7 (size before relaxing)
 *fill*         0x0000999f        0x1 ff
 .rodata.__func__.9
                0x000099a0       0x17 ./drivers/fsl_clock.o
 *fill*         0x000099b7        0x1 ff
 .rodata.__func__.8
                0x000099b8       0x17 ./drivers/fsl_clock.o
 *fill*         0x000099cf        0x1 ff
 .rodata.__func__.7
                0x000099d0       0x16 ./drivers/fsl_clock.o
 *fill*         0x000099e6        0x2 ff
 .rodata.fllFactorTable.6
                0x000099e8       0x10 ./drivers/fsl_clock.o
 .rodata.__func__.5
                0x000099f8       0x12 ./drivers/fsl_clock.o
 *fill*         0x00009a0a        0x2 ff
 .rodata.__func__.4
                0x00009a0c       0x11 ./drivers/fsl_clock.o
 *fill*         0x00009a1d        0x3 ff
 .rodata.__func__.2
                0x00009a20       0x11 ./drivers/fsl_clock.o
 *fill*         0x00009a31        0x3 ff
 .rodata.__func__.1
                0x00009a34       0x14 ./drivers/fsl_clock.o
 .rodata.s_dacBases
                0x00009a48        0x8 ./drivers/fsl_dac.o
 .rodata.s_dacClocks
                0x00009a50        0x8 ./drivers/fsl_dac.o
 .rodata.DAC_GetInstance.str1.4
                0x00009a58       0x2e ./drivers/fsl_dac.o
 .rodata.DAC_Init.str1.4
                0x00009a86        0xf ./drivers/fsl_dac.o
 *fill*         0x00009a86        0x2 ff
 .rodata.DAC_SetBufferValue.str1.4
                0x00009a88       0x17 ./drivers/fsl_dac.o
 *fill*         0x00009a9f        0x1 ff
 .rodata.__func__.6
                0x00009aa0       0x10 ./drivers/fsl_dac.o
 .rodata.__func__.5
                0x00009ab0        0x9 ./drivers/fsl_dac.o
 *fill*         0x00009ab9        0x3 ff
 .rodata.__func__.1
                0x00009abc       0x13 ./drivers/fsl_dac.o
 *fill*         0x00009acf        0x1 ff
 .rodata.__func__.0
                0x00009ad0       0x19 ./drivers/fsl_dac.o
 *fill*         0x00009ae9        0x3 ff
 .rodata.s_portBases
                0x00009aec       0x14 ./drivers/fsl_gpio.o
 .rodata.s_gpioBases
                0x00009b00       0x14 ./drivers/fsl_gpio.o
 .rodata.GPIO_GetInstance.str1.4
                0x00009b14       0x2f ./drivers/fsl_gpio.o
 .rodata.GPIO_PinInit.str1.4
                0x00009b43        0xf ./drivers/fsl_gpio.o
 *fill*         0x00009b43        0x1 ff
 .rodata.__func__.1
                0x00009b44       0x11 ./drivers/fsl_gpio.o
 *fill*         0x00009b55        0x3 ff
 .rodata.__func__.0
                0x00009b58        0xd ./drivers/fsl_gpio.o
 *fill*         0x00009b65        0x3 ff
 .rodata.PIT_GetInstance.str1.4
                0x00009b68       0x2e ./drivers/fsl_pit.o
 .rodata.PIT_Init.str1.4
                0x00009b96        0xf ./drivers/fsl_pit.o
 *fill*         0x00009b96        0x2 ff
 .rodata.__func__.1
                0x00009b98       0x10 ./drivers/fsl_pit.o
 .rodata.__func__.0
                0x00009ba8        0x9 ./drivers/fsl_pit.o
 *fill*         0x00009bb1        0x3 ff
 .rodata.s_uartBases
                0x00009bb4       0x18 ./drivers/fsl_uart.o
 .rodata.s_uartClock
                0x00009bcc       0x18 ./drivers/fsl_uart.o
 .rodata.UART_GetInstance.str1.4
                0x00009be4       0x27 ./drivers/fsl_uart.o
 *fill*         0x00009c0b        0x1 ff
 .rodata.UART_Init.str1.4
                0x00009c0c       0xba ./drivers/fsl_uart.o
 *fill*         0x00009cc6        0x2 ff
 .rodata.__func__.20
                0x00009cc8       0x11 ./drivers/fsl_uart.o
 *fill*         0x00009cd9        0x3 ff
 .rodata.__func__.17
                0x00009cdc        0xa ./drivers/fsl_uart.o
 *fill*         0x00009ce6        0x2 ff
 .rodata.__func__.16
                0x00009ce8       0x16 ./drivers/fsl_uart.o
 *fill*         0x00009cfe        0x2 ff
 .rodata.s_UartAdapterBase
                0x00009d00       0x18 ./component/uart/fsl_adapter_uart.o
 .rodata.HAL_UartInit.str1.4
                0x00009d18       0x88 ./component/uart/fsl_adapter_uart.o
                                 0x90 (size before relaxing)
 .rodata.HAL_UartReceiveBlocking.str1.4
                0x00009da0        0xf ./component/uart/fsl_adapter_uart.o
 *fill*         0x00009daf        0x1 ff
 .rodata.__func__.5
                0x00009db0        0xd ./component/uart/fsl_adapter_uart.o
 *fill*         0x00009dbd        0x3 ff
 .rodata.__func__.2
                0x00009dc0       0x15 ./component/uart/fsl_adapter_uart.o
 *fill*         0x00009dd5        0x3 ff
 .rodata.mcgConfig_BOARD_BootClockRUN
                0x00009dd8        0xb ./board/clock_config.o
                0x00009dd8                mcgConfig_BOARD_BootClockRUN
 *fill*         0x00009de3        0x1 ff
 .rodata.simConfig_BOARD_BootClockRUN
                0x00009de4        0x8 ./board/clock_config.o