C:\Users\teoas\Desktop\Teo\Academico\FCEFYN\Optativas\DSP\DSP\Lab_01_VelezNicolas\Lab_01_VelezNicolas\drivers/fsl_gpio.h:191:20:GPIO_PortSet	16	static
C:\Users\teoas\Desktop\Teo\Academico\FCEFYN\Optativas\DSP\DSP\Lab_01_VelezNicolas\Lab_01_VelezNicolas\drivers/fsl_gpio.h:206:20:GPIO_PortClear	16	static
C:\Users\teoas\Desktop\Teo\Academico\FCEFYN\Optativas\DSP\DSP\Lab_01_VelezNicolas\Lab_01_VelezNicolas\drivers/fsl_adc16.h:491:24:ADC16_GetChannelConversionValue	16	static
C:\Users\teoas\Desktop\Teo\Academico\FCEFYN\Optativas\DSP\DSP\Lab_01_VelezNicolas\Lab_01_VelezNicolas\drivers/fsl_pit.h:207:24:PIT_GetStatusFlags	16	static
C:\Users\teoas\Desktop\Teo\Academico\FCEFYN\Optativas\DSP\DSP\Lab_01_VelezNicolas\Lab_01_VelezNicolas\drivers/fsl_pit.h:220:20:PIT_ClearStatusFlags	24	static
C:\Users\teoas\Desktop\Teo\Academico\FCEFYN\Optativas\DSP\DSP\Lab_01_VelezNicolas\Lab_01_VelezNicolas\drivers/fsl_pit.h:246:20:PIT_SetTimerPeriod	24	static
C:\Users\teoas\Desktop\Teo\Academico\FCEFYN\Optativas\DSP\DSP\Lab_01_VelezNicolas\Lab_01_VelezNicolas\drivers/fsl_pit.h:288:20:PIT_StartTimer	16	static
C:\Users\teoas\Desktop\Teo\Academico\FCEFYN\Optativas\DSP\DSP\Lab_01_VelezNicolas\Lab_01_VelezNicolas\drivers/fsl_pit.h:302:20:PIT_StopTimer	16	static
../source/Lab_01_VelezNicolas.c:72:6:PIT0_IRQHandler	16	static
../source/Lab_01_VelezNicolas.c:87:6:ADC0_IRQHandler	16	static
../source/Lab_01_VelezNicolas.c:119:6:PORTC_IRQHandler	16	static
../source/Lab_01_VelezNicolas.c:141:6:PORTA_IRQHandler	16	static
../source/Lab_01_VelezNicolas.c:207:5:main	8	static
